Archive member included to satisfy reference by file (symbol)

bsp/libbsp.a(ledbtn.o)        main.o (leds_init)
bsp/libbsp.a(uart.o)          main.o (uart_init)
bsp/libbsp.a(printf.o)        main.o (puts)
bsp/libbsp.a(audio.o)         main.o (audio_init)
bsp/libbsp.a(gpio.o)          bsp/libbsp.a(ledbtn.o) (gpio_in)
bsp/libbsp.a(pwm.o)           bsp/libbsp.a(audio.o) (pwm_init)
bsp/libbsp.a(adc.o)           bsp/libbsp.a(audio.o) (adc_init)
bsp2/libbsp2.a(encoder.o)     motor_uart.o (get_odometry)
bsp2/libbsp2.a(motor.o)       motor_uart.o (motor_init)
bsp2/libbsp2.a(radio.o)       main.o (radio_init)
rtx/librtx.a(rtx_delay.o)     motor_uart.o (osDelay)
rtx/librtx.a(rtx_evr.o)       rtx/librtx.a(rtx_delay.o) (EvrRtxDelayError)
rtx/librtx.a(rtx_kernel.o)    rtx/librtx.a(rtx_delay.o) (osRtxInfo)
rtx/librtx.a(rtx_lib.o)       rtx/librtx.a(rtx_kernel.o) (osRtxConfig)
rtx/librtx.a(rtx_memory.o)    rtx/librtx.a(rtx_kernel.o) (osRtxMemoryInit)
rtx/librtx.a(rtx_mempool.o)   rtx/librtx.a(rtx_kernel.o) (osRtxMemoryPoolInit)
rtx/librtx.a(rtx_system.o)    rtx/librtx.a(rtx_mempool.o) (osRtxPostProcess)
rtx/librtx.a(rtx_thread.o)    rtx/librtx.a(rtx_mempool.o) (osRtxThreadListPut)
rtx/librtx.a(rtx_timer.o)     rtx/librtx.a(rtx_lib.o) (osRtxTimerSetup)
rtx/librtx.a(irq_armv7m.o)    rtx/librtx.a(rtx_lib.o) (irqRtxLib)
rtx/librtx.a(RTX_Config.o)    rtx/librtx.a(rtx_thread.o) (osRtxIdleThread)
rtx/librtx.a(os_systick.o)    rtx/librtx.a(rtx_kernel.o) (OS_Tick_Setup)
rtx/librtx.a(rtx_msgqueue.o)  rtx/librtx.a(rtx_timer.o) (osRtxMessageQueueTimerSetup)
rtx/librtx.a(rtx_mutex.o)     rtx/librtx.a(rtx_thread.o) (osRtxMutexOwnerRelease)
/opt/arm-gcc/arm-none-eabi/lib/thumb/v7e-m+fp/hard/libm.a(libm_a-w_fmod.o)
                              bsp2/libbsp2.a(encoder.o) (fmod)
/opt/arm-gcc/arm-none-eabi/lib/thumb/v7e-m+fp/hard/libm.a(libm_a-s_cos.o)
                              bsp2/libbsp2.a(encoder.o) (cos)
/opt/arm-gcc/arm-none-eabi/lib/thumb/v7e-m+fp/hard/libm.a(libm_a-s_sin.o)
                              bsp2/libbsp2.a(encoder.o) (sin)
/opt/arm-gcc/arm-none-eabi/lib/thumb/v7e-m+fp/hard/libm.a(libm_a-k_cos.o)
                              /opt/arm-gcc/arm-none-eabi/lib/thumb/v7e-m+fp/hard/libm.a(libm_a-s_cos.o) (__kernel_cos)
/opt/arm-gcc/arm-none-eabi/lib/thumb/v7e-m+fp/hard/libm.a(libm_a-k_sin.o)
                              /opt/arm-gcc/arm-none-eabi/lib/thumb/v7e-m+fp/hard/libm.a(libm_a-s_cos.o) (__kernel_sin)
/opt/arm-gcc/arm-none-eabi/lib/thumb/v7e-m+fp/hard/libm.a(libm_a-e_fmod.o)
                              /opt/arm-gcc/arm-none-eabi/lib/thumb/v7e-m+fp/hard/libm.a(libm_a-w_fmod.o) (__ieee754_fmod)
/opt/arm-gcc/arm-none-eabi/lib/thumb/v7e-m+fp/hard/libm.a(libm_a-e_rem_pio2.o)
                              /opt/arm-gcc/arm-none-eabi/lib/thumb/v7e-m+fp/hard/libm.a(libm_a-s_cos.o) (__ieee754_rem_pio2)
/opt/arm-gcc/arm-none-eabi/lib/thumb/v7e-m+fp/hard/libm.a(libm_a-s_fabs.o)
                              /opt/arm-gcc/arm-none-eabi/lib/thumb/v7e-m+fp/hard/libm.a(libm_a-e_rem_pio2.o) (fabs)
/opt/arm-gcc/arm-none-eabi/lib/thumb/v7e-m+fp/hard/libm.a(libm_a-k_rem_pio2.o)
                              /opt/arm-gcc/arm-none-eabi/lib/thumb/v7e-m+fp/hard/libm.a(libm_a-e_rem_pio2.o) (__kernel_rem_pio2)
/opt/arm-gcc/arm-none-eabi/lib/thumb/v7e-m+fp/hard/libm.a(libm_a-s_scalbn.o)
                              /opt/arm-gcc/arm-none-eabi/lib/thumb/v7e-m+fp/hard/libm.a(libm_a-k_rem_pio2.o) (scalbn)
/opt/arm-gcc/arm-none-eabi/lib/thumb/v7e-m+fp/hard/libm.a(libm_a-s_floor.o)
                              /opt/arm-gcc/arm-none-eabi/lib/thumb/v7e-m+fp/hard/libm.a(libm_a-k_rem_pio2.o) (floor)
/opt/arm-gcc/arm-none-eabi/lib/thumb/v7e-m+fp/hard/libc.a(libc_a-snprintf.o)
                              bsp2/libbsp2.a(encoder.o) (snprintf)
/opt/arm-gcc/arm-none-eabi/lib/thumb/v7e-m+fp/hard/libc.a(libc_a-memset.o)
                              rtx/librtx.a(rtx_mempool.o) (memset)
/opt/arm-gcc/arm-none-eabi/lib/thumb/v7e-m+fp/hard/libc.a(libc_a-strtok.o)
                              motor_uart.o (strtok)
/opt/arm-gcc/arm-none-eabi/lib/thumb/v7e-m+fp/hard/libc.a(libc_a-strtok_r.o)
                              /opt/arm-gcc/arm-none-eabi/lib/thumb/v7e-m+fp/hard/libc.a(libc_a-strtok.o) (__strtok_r)
/opt/arm-gcc/arm-none-eabi/lib/thumb/v7e-m+fp/hard/libc.a(libc_a-impure.o)
                              /opt/arm-gcc/arm-none-eabi/lib/thumb/v7e-m+fp/hard/libc.a(libc_a-snprintf.o) (_impure_ptr)
/opt/arm-gcc/arm-none-eabi/lib/thumb/v7e-m+fp/hard/libc.a(libc_a-errno.o)
                              /opt/arm-gcc/arm-none-eabi/lib/thumb/v7e-m+fp/hard/libm.a(libm_a-w_fmod.o) (__errno)
/opt/arm-gcc/arm-none-eabi/lib/thumb/v7e-m+fp/hard/libc.a(libc_a-strcmp.o)
                              motor_uart.o (strcmp)
/opt/arm-gcc/arm-none-eabi/lib/thumb/v7e-m+fp/hard/libc.a(libc_a-strcpy.o)
                              motor_uart.o (strcpy)
/opt/arm-gcc/arm-none-eabi/lib/thumb/v7e-m+fp/hard/libc.a(libc_a-memcpy.o)
                              main.o (memcpy)
[...]
Memory Configuration

Name             Origin             Length             Attributes
FLASH            0x00000000         0x00080000         xr
SRAM             0x20000000         0x00020000         xrw
*default*        0x00000000         0xffffffff

Linker script and memory map


.text           0x00000000    0x15ebc
 *(.isr_vector)
 .isr_vector    0x00000000      0x200 startup.o
                0x00000000                vector_table
 *(.text*)
 .text          0x00000200      0x110 startup.o
                0x00000200                Reset_Handler
                0x00000290                TIMER0_IRQHandler
                0x000002d0                SWI2_EGU2_IRQHandler
                0x000002e0                RTC1_IRQHandler
 .text          0x00000310       0x50 system.o
                0x00000344                SystemInit
 .text          0x00000360      0x2d0 main.o
                0x00000360                my_radio_callback
                0x000003ac                board_init
                0x000003e0                main
                0x00000478                communication_init
                0x00000498                GetCommandType
                0x00000504                parseGesturePacket
                0x00000538                PushGestureIntoQueue
                0x000005bc                DispatchCommand
                0x000005e6                DispatchGestureCommand
 .text          0x00000630      0x4b0 motor_uart.o
                0x00000630                my_atof
                0x0000072c                parse_command
                0x000007ac                process_command
                0x00000a6c                uart_command_task
 .text          0x00000ae0      0x350 bsp/libbsp.a(ledbtn.o)
                0x00000ae0                leds_init
                0x00000b58                led_display
                0x00000bbc                buttons_init
                0x00000bf4                button_get
                0x00000c30                clear_display
                0x00000c88                led_on
                0x00000cc0                led_off
                0x00000cf8                led_row_refresh
                0x00000d98                led_blink
 .text          0x00000e30      0x294 bsp/libbsp.a(uart.o)
                0x00000e30                uart_init
                0x00000eb0                uart_getc_nowait
                0x00000ec8                uart_getc
                0x00000efc                uart_gets
                0x00000f42                uart_putc_nowait
                0x00000f64                uart_putc
                0x00000f98                uart_puts
                0x00000fc8                uart_inten
                0x0000105c                UARTE0_UART0_IRQHandler
 .text          0x000010c4      0x404 bsp/libbsp.a(printf.o)
                0x000011f8                putd
                0x00001230                putx
                0x00001254                putf
                0x000012c8                putlf
                0x0000135c                puts
                0x0000137a                printf
 .text          0x000014c8      0x114 bsp/libbsp.a(audio.o)
                0x000014c8                audio_init
                0x000014fc                audio_mic_off
                0x00001520                audio_mic_on
                0x00001544                audio_volume
                0x00001564                audio_beep
                0x00001588                audio_sweep
 .text          0x000015dc      0x2f8 bsp/libbsp.a(gpio.o)
                0x000015dc                gpio_in
                0x00001628                gpio_out
                0x00001698                gpio_write
                0x00001700                gpio_set
                0x0000174c                gpio_clear
                0x00001798                gpio_read
                0x000017e4                gpio_inten
                0x00001850                GPIOTE_IRQHandler
 .text          0x000018d4      0x1b8 bsp/libbsp.a(pwm.o)
                0x000018d4                pwm_init
                0x00001908                pwm_out
                0x000019ec                pwm_on
                0x00001a60                pwm_off
 .text          0x00001a8c      0x10c bsp/libbsp.a(adc.o)
                0x00001a8c                adc_init
                0x00001b00                adc_in
                0x00001b1c                adc_read
                0x00001b74                SAADC_IRQHandler
 .text          0x00001b98      0x7dc bsp2/libbsp2.a(encoder.o)
                0x00001b98                left_encoder_callback
                0x00001ca4                right_encoder_callback
                0x00001db0                encoder_init
                0x00001e10                calculate_distance
                0x00001e64                update_odometry
                0x00002000                get_odometry
                0x00002064                calculate_speed
                0x00002090                pid_control
                0x00002144                update_speed_control
                0x00002250                set_left_speed
                0x00002270                set_right_speed
                0x00002290                get_angular_displacement
                0x000022d8                get_left_speed
                0x00002308                get_right_speed
                0x00002338                get_robot_speed
 .text          0x00002374      0x1f0 bsp2/libbsp2.a(motor.o)
                0x00002374                motor_init
                0x000023e0                motor_on
                0x00002510                motor_off
 .text          0x00002564      0x24c bsp2/libbsp2.a(radio.o)
                0x00002588                radio_init
                0x00002698                radio_send
                0x00002728                RADIO_IRQHandler
 .text          0x000027b0      0x1ac rtx/librtx.a(rtx_delay.o)
                0x000028bc                osDelay
                0x0000290c                osDelayUntil
 .text          0x0000295c      0xe50 rtx/librtx.a(rtx_evr.o)
                0x0000295c                EvrRtxMemoryInit
                0x00002974                EvrRtxMemoryAlloc
                0x0000298e                EvrRtxMemoryFree
                0x000029a6                EvrRtxMemoryBlockInit
                0x000029c0                EvrRtxMemoryBlockAlloc
                0x000029d6                EvrRtxMemoryBlockFree
                0x000029ee                EvrRtxKernelError
                0x00002a02                EvrRtxKernelInitialize
                0x00002a10                EvrRtxKernelInitialized
                0x00002a1e                EvrRtxKernelGetInfo
                0x00002a36                EvrRtxKernelInfoRetrieved
                0x00002a4e                EvrRtxKernelGetState
                0x00002a62                EvrRtxKernelStart
                0x00002a70                EvrRtxKernelStarted
                0x00002a7e                EvrRtxKernelLock
                0x00002a8c                EvrRtxKernelLocked
                0x00002aa0                EvrRtxKernelUnlock
                0x00002aae                EvrRtxKernelUnlocked
                0x00002ac2                EvrRtxKernelRestoreLock
                0x00002ad6                EvrRtxKernelLockRestored
                0x00002aea                EvrRtxKernelSuspend
                0x00002af8                EvrRtxKernelSuspended
                0x00002b0c                EvrRtxKernelResume
                0x00002b20                EvrRtxKernelResumed
                0x00002b2e                EvrRtxKernelGetTickCount
                0x00002b42                EvrRtxKernelGetTickFreq
                0x00002b56                EvrRtxKernelGetSysTimerCount
                0x00002b6a                EvrRtxKernelGetSysTimerFreq
                0x00002b7e                EvrRtxKernelErrorNotify
                0x00002b94                EvrRtxThreadError
                0x00002baa                EvrRtxThreadNew
                0x00002bc2                EvrRtxThreadCreated
                0x00002bda                EvrRtxThreadGetName
                0x00002bf0                EvrRtxThreadGetId
                0x00002c04                EvrRtxThreadGetState
                0x00002c1a                EvrRtxThreadGetStackSize
                0x00002c30                EvrRtxThreadGetStackSpace
                0x00002c46                EvrRtxThreadSetPriority
                0x00002c5c                EvrRtxThreadPriorityUpdated
                0x00002c72                EvrRtxThreadGetPriority
                0x00002c88                EvrRtxThreadYield
                0x00002c96                EvrRtxThreadSuspend
                0x00002caa                EvrRtxThreadSuspended
                0x00002cbe                EvrRtxThreadResume
                0x00002cd2                EvrRtxThreadResumed
                0x00002ce6                EvrRtxThreadDetach
                0x00002cfa                EvrRtxThreadDetached
                0x00002d0e                EvrRtxThreadJoin
                0x00002d22                EvrRtxThreadJoinPending
                0x00002d36                EvrRtxThreadJoined
                0x00002d4a                EvrRtxThreadBlocked
                0x00002d60                EvrRtxThreadUnblocked
                0x00002d76                EvrRtxThreadPreempted
                0x00002d8a                EvrRtxThreadSwitched
                0x00002d9e                EvrRtxThreadExit
                0x00002dac                EvrRtxThreadTerminate
                0x00002dc0                EvrRtxThreadDestroyed
                0x00002dd4                EvrRtxThreadGetCount
                0x00002de8                EvrRtxThreadEnumerate
                0x00002e00                EvrRtxThreadFlagsError
                0x00002e16                EvrRtxThreadFlagsSet
                0x00002e2c                EvrRtxThreadFlagsSetDone
                0x00002e42                EvrRtxThreadFlagsClear
                0x00002e56                EvrRtxThreadFlagsClearDone
                0x00002e6a                EvrRtxThreadFlagsGet
                0x00002e7e                EvrRtxThreadFlagsWait
                0x00002e96                EvrRtxThreadFlagsWaitPending
                0x00002eae                EvrRtxThreadFlagsWaitTimeout
                0x00002ec2                EvrRtxThreadFlagsWaitCompleted
                0x00002edc                EvrRtxThreadFlagsWaitNotCompleted
                0x00002ef2                EvrRtxDelayError
                0x00002f06                EvrRtxDelay
                0x00002f1a                EvrRtxDelayUntil
                0x00002f2e                EvrRtxDelayStarted
                0x00002f42                EvrRtxDelayUntilStarted
                0x00002f56                EvrRtxDelayCompleted
                0x00002f6a                EvrRtxTimerError
                0x00002f80                EvrRtxTimerCallback
                0x00002f96                EvrRtxTimerNew
                0x00002fb2                EvrRtxTimerCreated
                0x00002fc8                EvrRtxTimerGetName
                0x00002fde                EvrRtxTimerStart
                0x00002ff4                EvrRtxTimerStarted
                0x00003008                EvrRtxTimerStop
                0x0000301c                EvrRtxTimerStopped
                0x00003030                EvrRtxTimerIsRunning
                0x00003046                EvrRtxTimerDelete
                0x0000305a                EvrRtxTimerDestroyed
                0x0000306e                EvrRtxEventFlagsError
                0x00003084                EvrRtxEventFlagsNew
                0x00003098                EvrRtxEventFlagsCreated
                0x000030ae                EvrRtxEventFlagsGetName
                0x000030c4                EvrRtxEventFlagsSet
                0x000030da                EvrRtxEventFlagsSetDone
                0x000030f0                EvrRtxEventFlagsClear
                0x00003106                EvrRtxEventFlagsClearDone
                0x0000311c                EvrRtxEventFlagsGet
                0x00003132                EvrRtxEventFlagsWait
                0x0000314c                EvrRtxEventFlagsWaitPending
                0x00003166                EvrRtxEventFlagsWaitTimeout
                0x0000317a                EvrRtxEventFlagsWaitCompleted
                0x00003194                EvrRtxEventFlagsWaitNotCompleted
                0x000031ac                EvrRtxEventFlagsDelete
                0x000031c0                EvrRtxEventFlagsDestroyed
                0x000031d4                EvrRtxMutexError
                0x000031ea                EvrRtxMutexNew
                0x000031fe                EvrRtxMutexCreated
                0x00003214                EvrRtxMutexGetName
                0x0000322a                EvrRtxMutexAcquire
                0x00003240                EvrRtxMutexAcquirePending
                0x00003256                EvrRtxMutexAcquireTimeout
                0x0000326a                EvrRtxMutexAcquired
                0x00003280                EvrRtxMutexNotAcquired
                0x00003294                EvrRtxMutexRelease
                0x000032a8                EvrRtxMutexReleased
                0x000032be                EvrRtxMutexGetOwner
                0x000032d4                EvrRtxMutexDelete
                0x000032e8                EvrRtxMutexDestroyed
                0x000032fc                EvrRtxSemaphoreError
                0x00003312                EvrRtxSemaphoreNew
                0x0000332a                EvrRtxSemaphoreCreated
                0x00003340                EvrRtxSemaphoreGetName
                0x00003356                EvrRtxSemaphoreAcquire
                0x0000336c                EvrRtxSemaphoreAcquirePending
                0x00003382                EvrRtxSemaphoreAcquireTimeout
                0x00003396                EvrRtxSemaphoreAcquired
                0x000033ac                EvrRtxSemaphoreNotAcquired
                0x000033c0                EvrRtxSemaphoreRelease
                0x000033d4                EvrRtxSemaphoreReleased
                0x000033ea                EvrRtxSemaphoreGetCount
                0x00003400                EvrRtxSemaphoreDelete
                0x00003414                EvrRtxSemaphoreDestroyed
                0x00003428                EvrRtxMemoryPoolError
                0x0000343e                EvrRtxMemoryPoolNew
                0x00003456                EvrRtxMemoryPoolCreated
                0x0000346c                EvrRtxMemoryPoolGetName
                0x00003482                EvrRtxMemoryPoolAlloc
                0x00003498                EvrRtxMemoryPoolAllocPending
                0x000034ae                EvrRtxMemoryPoolAllocTimeout
                0x000034c2                EvrRtxMemoryPoolAllocated
                0x000034d8                EvrRtxMemoryPoolAllocFailed
                0x000034ec                EvrRtxMemoryPoolFree
                0x00003502                EvrRtxMemoryPoolDeallocated
                0x00003518                EvrRtxMemoryPoolFreeFailed
                0x0000352e                EvrRtxMemoryPoolGetCapacity
                0x00003544                EvrRtxMemoryPoolGetBlockSize
                0x0000355a                EvrRtxMemoryPoolGetCount
                0x00003570                EvrRtxMemoryPoolGetSpace
                0x00003586                EvrRtxMemoryPoolDelete
                0x0000359a                EvrRtxMemoryPoolDestroyed
                0x000035ae                EvrRtxMessageQueueError
                0x000035c4                EvrRtxMessageQueueNew
                0x000035dc                EvrRtxMessageQueueCreated
                0x000035f2                EvrRtxMessageQueueGetName
                0x00003608                EvrRtxMessageQueuePut
                0x00003624                EvrRtxMessageQueuePutPending
                0x0000363c                EvrRtxMessageQueuePutTimeout
                0x00003650                EvrRtxMessageQueueInsertPending
                0x00003666                EvrRtxMessageQueueInserted
                0x0000367c                EvrRtxMessageQueueNotInserted
                0x00003692                EvrRtxMessageQueueGet
                0x000036ac                EvrRtxMessageQueueGetPending
                0x000036c4                EvrRtxMessageQueueGetTimeout
                0x000036d8                EvrRtxMessageQueueRetrieved
                0x000036ee                EvrRtxMessageQueueNotRetrieved
                0x00003704                EvrRtxMessageQueueGetCapacity
                0x0000371a                EvrRtxMessageQueueGetMsgSize
                0x00003730                EvrRtxMessageQueueGetCount
                0x00003746                EvrRtxMessageQueueGetSpace
                0x0000375c                EvrRtxMessageQueueReset
                0x00003770                EvrRtxMessageQueueResetDone
                0x00003784                EvrRtxMessageQueueDelete
                0x00003798                EvrRtxMessageQueueDestroyed
 .text          0x000037ac      0xc58 rtx/librtx.a(rtx_kernel.o)
                0x00004030                osRtxKernelPreInit
                0x0000403e                osRtxKernelErrorNotify
                0x00004062                osKernelInitialize
                0x000040ac                osKernelGetInfo
                0x0000411c                osKernelGetState
                0x00004160                osKernelStart
                0x000041a8                osKernelLock
                0x000041f0                osKernelUnlock
                0x00004238                osKernelRestoreLock
                0x0000428c                osKernelSuspend
                0x000042d0                osKernelResume
                0x00004314                osKernelGetTickCount
                0x00004350                osKernelGetTickFreq
                0x0000438c                osKernelGetSysTimerCount
                0x000043c8                osKernelGetSysTimerFreq
 .text          0x00004404        0xc rtx/librtx.a(rtx_lib.o)
                0x00004404                software_init_hook
 .text          0x00004410      0x2ae rtx/librtx.a(rtx_memory.o)
                0x0000444a                osRtxMemoryInit
                0x000044dc                osRtxMemoryAlloc
                0x00004614                osRtxMemoryFree
 *fill*         0x000046be        0x2 
 .text          0x000046c0      0xbf8 rtx/librtx.a(rtx_mempool.o)
                0x00004808                osRtxMemoryPoolInit
                0x000048a0                osRtxMemoryPoolAlloc
                0x000048e8                osRtxMemoryPoolFree
                0x00004fde                osMemoryPoolNew
                0x00005044                osMemoryPoolGetName
                0x00005090                osMemoryPoolAlloc
                0x000050e8                osMemoryPoolFree
                0x00005144                osMemoryPoolGetCapacity
                0x0000518c                osMemoryPoolGetBlockSize
                0x000051d4                osMemoryPoolGetCount
                0x0000521c                osMemoryPoolGetSpace
                0x00005264                osMemoryPoolDelete
 .text          0x000052b8      0x3d8 rtx/librtx.a(rtx_system.o)
                0x000054bc                osRtxTick_Handler
                0x00005594                osRtxPendSV_Handler
                0x00005650                osRtxPostProcess
 .text          0x00005690     0x2058 rtx/librtx.a(rtx_thread.o)
                0x0000599e                osRtxThreadListPut
                0x00005a04                osRtxThreadListGet
                0x00005a6a                osRtxThreadListSort
                0x00005ab0                osRtxThreadListRemove
                0x00005b38                osRtxThreadReadyPut
                0x00005cd4                osRtxThreadDelayTick
                0x00005e20                osRtxThreadRegPtr
                0x00005ebc                osRtxThreadSwitch
                0x00005ee4                osRtxThreadDispatch
                0x00005f6c                osRtxThreadWaitExit
                0x00005fb2                osRtxThreadWaitEnter
                0x00006fe4                osRtxThreadStartup
                0x00007068                osThreadNew
                0x000070d4                osThreadGetName
                0x00007120                osThreadGetId
                0x0000715c                osThreadGetState
                0x000071ac                osThreadGetStackSize
                0x000071f8                osThreadGetStackSpace
                0x00007244                osThreadSetPriority
                0x000072a4                osThreadGetPriority
                0x000072f4                osThreadYield
                0x0000733c                osThreadSuspend
                0x00007390                osThreadResume
                0x000073e4                osThreadDetach
                0x00007438                osThreadJoin
                0x0000748c                osThreadExit
                0x000074ac                osThreadTerminate
                0x00007500                osThreadGetCount
                0x00007540                osThreadEnumerate
                0x00007594                osThreadFlagsSet
                0x000075ec                osThreadFlagsClear
                0x00007640                osThreadFlagsGet
                0x00007680                osThreadFlagsWait
 .text          0x000076e8      0x848 rtx/librtx.a(rtx_timer.o)
                0x00007960                osRtxTimerSetup
                0x00007994                osRtxTimerThread
                0x00007d18                osTimerNew
                0x00007d90                osTimerGetName
                0x00007ddc                osTimerStart
                0x00007e3c                osTimerStop
                0x00007e90                osTimerIsRunning
                0x00007edc                osTimerDelete
 .text          0x00007f30       0x94 rtx/librtx.a(irq_armv7m.o)
                0x00007f30                SVC_Handler
                0x00007f9c                PendSV_Handler
                0x00007fac                SysTick_Handler
 .text          0x00007fc4       0x3c rtx/librtx.a(RTX_Config.o)
                0x00007fc4                osRtxIdleThread
                0x00007fce                osRtxErrorNotify
 .text          0x00008000      0x184 rtx/librtx.a(os_systick.o)
                0x00008000                OS_Tick_Setup
                0x00008070                OS_Tick_Enable
                0x000080ac                OS_Tick_Disable
                0x000080ec                OS_Tick_AcknowledgeIRQ
                0x00008104                OS_Tick_GetIRQn
                0x00008116                OS_Tick_GetClock
                0x0000812c                OS_Tick_GetInterval
                0x00008144                OS_Tick_GetCount
                0x00008168                OS_Tick_GetOverflow
 .text          0x00008184     0x1108 rtx/librtx.a(rtx_msgqueue.o)
                0x00008eda                osRtxMessageQueueTimerSetup
                0x00008f24                osMessageQueueNew
                0x00008f8c                osMessageQueueGetName
                0x00008fd8                osMessageQueuePut
                0x00009050                osMessageQueueGet
                0x000090c4                osMessageQueueGetCapacity
                0x0000910c                osMessageQueueGetMsgSize
                0x00009154                osMessageQueueGetCount
                0x0000919c                osMessageQueueGetSpace
                0x000091e4                osMessageQueueReset
                0x00009238                osMessageQueueDelete
 .text          0x0000928c      0x9a0 rtx/librtx.a(rtx_mutex.o)
                0x00009328                osRtxMutexOwnerRelease
                0x000093c4                osRtxMutexOwnerRestore
                0x00009a38                osMutexNew
                0x00009a8c                osMutexGetName
                0x00009ad8                osMutexAcquire
                0x00009b38                osMutexRelease
                0x00009b8c                osMutexGetOwner
                0x00009bd8                osMutexDelete
 .text          0x00009c2c        0x0 /opt/arm-gcc/arm-none-eabi/lib/thumb/v7e-m+fp/hard/libm.a(libm_a-w_fmod.o)
 .text.fmod     0x00009c2c       0x6c /opt/arm-gcc/arm-none-eabi/lib/thumb/v7e-m+fp/hard/libm.a(libm_a-w_fmod.o)
                0x00009c2c                fmod
 .text          0x00009c98        0x0 /opt/arm-gcc/arm-none-eabi/lib/thumb/v7e-m+fp/hard/libm.a(libm_a-s_cos.o)
 .text.cos      0x00009c98       0x88 /opt/arm-gcc/arm-none-eabi/lib/thumb/v7e-m+fp/hard/libm.a(libm_a-s_cos.o)
                0x00009c98                cos
 .text          0x00009d20        0x0 /opt/arm-gcc/arm-none-eabi/lib/thumb/v7e-m+fp/hard/libm.a(libm_a-s_sin.o)
 .text.sin      0x00009d20       0x90 /opt/arm-gcc/arm-none-eabi/lib/thumb/v7e-m+fp/hard/libm.a(libm_a-s_sin.o)
                0x00009d20                sin
 .text          0x00009db0        0x0 /opt/arm-gcc/arm-none-eabi/lib/thumb/v7e-m+fp/hard/libm.a(libm_a-k_cos.o)
 .text.__kernel_cos
                0x00009db0      0x26c /opt/arm-gcc/arm-none-eabi/lib/thumb/v7e-m+fp/hard/libm.a(libm_a-k_cos.o)
                0x00009db0                __kernel_cos
 .text          0x0000a01c        0x0 /opt/arm-gcc/arm-none-eabi/lib/thumb/v7e-m+fp/hard/libm.a(libm_a-k_sin.o)
 *fill*         0x0000a01c        0x4 
 .text.__kernel_sin
                0x0000a020      0x184 /opt/arm-gcc/arm-none-eabi/lib/thumb/v7e-m+fp/hard/libm.a(libm_a-k_sin.o)
                0x0000a020                __kernel_sin
 .text          0x0000a1a4        0x0 /opt/arm-gcc/arm-none-eabi/lib/thumb/v7e-m+fp/hard/libm.a(libm_a-e_fmod.o)
 .text.__ieee754_fmod
                0x0000a1a4      0x3ac /opt/arm-gcc/arm-none-eabi/lib/thumb/v7e-m+fp/hard/libm.a(libm_a-e_fmod.o)
                0x0000a1a4                __ieee754_fmod
 .text          0x0000a550        0x0 /opt/arm-gcc/arm-none-eabi/lib/thumb/v7e-m+fp/hard/libm.a(libm_a-e_rem_pio2.o)
 .text.__ieee754_rem_pio2
                0x0000a550      0x424 /opt/arm-gcc/arm-none-eabi/lib/thumb/v7e-m+fp/hard/libm.a(libm_a-e_rem_pio2.o)
                0x0000a550                __ieee754_rem_pio2
 .text          0x0000a974        0x0 /opt/arm-gcc/arm-none-eabi/lib/thumb/v7e-m+fp/hard/libm.a(libm_a-s_fabs.o)
 .text.fabs     0x0000a974       0x10 /opt/arm-gcc/arm-none-eabi/lib/thumb/v7e-m+fp/hard/libm.a(libm_a-s_fabs.o)
                0x0000a974                fabs
 .text          0x0000a984        0x0 /opt/arm-gcc/arm-none-eabi/lib/thumb/v7e-m+fp/hard/libm.a(libm_a-k_rem_pio2.o)
 *fill*         0x0000a984        0x4 
 .text.__kernel_rem_pio2
                0x0000a988      0x888 /opt/arm-gcc/arm-none-eabi/lib/thumb/v7e-m+fp/hard/libm.a(libm_a-k_rem_pio2.o)
                0x0000a988                __kernel_rem_pio2
 .text          0x0000b210        0x0 /opt/arm-gcc/arm-none-eabi/lib/thumb/v7e-m+fp/hard/libm.a(libm_a-s_scalbn.o)
 .text.scalbn   0x0000b210      0x114 /opt/arm-gcc/arm-none-eabi/lib/thumb/v7e-m+fp/hard/libm.a(libm_a-s_scalbn.o)
                0x0000b210                scalbn
 .text          0x0000b324        0x0 /opt/arm-gcc/arm-none-eabi/lib/thumb/v7e-m+fp/hard/libm.a(libm_a-s_floor.o)
 *fill*         0x0000b324        0x4 
 .text.floor    0x0000b328      0x108 /opt/arm-gcc/arm-none-eabi/lib/thumb/v7e-m+fp/hard/libm.a(libm_a-s_floor.o)
                0x0000b328                floor
 .text          0x0000b430        0x0 /opt/arm-gcc/arm-none-eabi/lib/thumb/v7e-m+fp/hard/libc.a(libc_a-snprintf.o)
 .text._snprintf_r
                0x0000b430       0x84 /opt/arm-gcc/arm-none-eabi/lib/thumb/v7e-m+fp/hard/libc.a(libc_a-snprintf.o)
                0x0000b430                _snprintf_r
 .text.snprintf
                0x0000b4b4       0x90 /opt/arm-gcc/arm-none-eabi/lib/thumb/v7e-m+fp/hard/libc.a(libc_a-snprintf.o)
                0x0000b4b4                snprintf
 .text          0x0000b544        0x0 /opt/arm-gcc/arm-none-eabi/lib/thumb/v7e-m+fp/hard/libc.a(libc_a-memset.o)
 .text.memset   0x0000b544       0x9c /opt/arm-gcc/arm-none-eabi/lib/thumb/v7e-m+fp/hard/libc.a(libc_a-memset.o)
                0x0000b544                memset
 .text          0x0000b5e0        0x0 /opt/arm-gcc/arm-none-eabi/lib/thumb/v7e-m+fp/hard/libc.a(libc_a-strtok.o)
 .text.strtok   0x0000b5e0       0x10 /opt/arm-gcc/arm-none-eabi/lib/thumb/v7e-m+fp/hard/libc.a(libc_a-strtok.o)
                0x0000b5e0                strtok
 .text          0x0000b5f0        0x0 /opt/arm-gcc/arm-none-eabi/lib/thumb/v7e-m+fp/hard/libc.a(libc_a-strtok_r.o)
 .text.__strtok_r
                0x0000b5f0       0x64 /opt/arm-gcc/arm-none-eabi/lib/thumb/v7e-m+fp/hard/libc.a(libc_a-strtok_r.o)
                0x0000b5f0                __strtok_r
 .text.strtok_r
                0x0000b654        0x8 /opt/arm-gcc/arm-none-eabi/lib/thumb/v7e-m+fp/hard/libc.a(libc_a-strtok_r.o)
                0x0000b654                strtok_r
 .text          0x0000b65c        0x0 /opt/arm-gcc/arm-none-eabi/lib/thumb/v7e-m+fp/hard/libc.a(libc_a-impure.o)
 .text          0x0000b65c        0x0 /opt/arm-gcc/arm-none-eabi/lib/thumb/v7e-m+fp/hard/libc.a(libc_a-errno.o)
 .text.__errno  0x0000b65c        0xc /opt/arm-gcc/arm-none-eabi/lib/thumb/v7e-m+fp/hard/libc.a(libc_a-errno.o)
                0x0000b65c                __errno
 *fill*         0x0000b668       0x18 
 .text          0x0000b680      0x2e0 /opt/arm-gcc/arm-none-eabi/lib/thumb/v7e-m+fp/hard/libc.a(libc_a-strcmp.o)
                0x0000b680                strcmp
 .text          0x0000b960        0x0 /opt/arm-gcc/arm-none-eabi/lib/thumb/v7e-m+fp/hard/libc.a(libc_a-strcpy.o)
 .text.strcpy   0x0000b960       0xbc /opt/arm-gcc/arm-none-eabi/lib/thumb/v7e-m+fp/hard/libc.a(libc_a-strcpy.o)
                0x0000b960                strcpy
 .text          0x0000ba1c      0x134 /opt/arm-gcc/arm-none-eabi/lib/thumb/v7e-m+fp/hard/libc.a(libc_a-memcpy.o)
                0x0000ba1c                memcpy
 .text          0x0000bb50        0x0 /opt/arm-gcc/arm-none-eabi/lib/thumb/v7e-m+fp/hard/libc.a(libc_a-svfprintf.o)
 .text._svfprintf_r
                0x0000bb50     0x21f0 /opt/arm-gcc/arm-none-eabi/lib/thumb/v7e-m+fp/hard/libc.a(libc_a-svfprintf.o)
                0x0000bb50                _svfprintf_r
 .text          0x0000dd40        0x0 /opt/arm-gcc/arm-none-eabi/lib/thumb/v7e-m+fp/hard/libc.a(libc_a-ssprint_r.o)
 .text.__ssprint_r
                0x0000dd40       0x58 /opt/arm-gcc/arm-none-eabi/lib/thumb/v7e-m+fp/hard/libc.a(libc_a-ssprint_r.o)
                0x0000dd40                __ssprint_r
 .text          0x0000dd98        0x0 /opt/arm-gcc/arm-none-eabi/lib/thumb/v7e-m+fp/hard/libc.a(libc_a-findfp.o)
 .text.stdio_exit_handler
                0x0000dd98       0x18 /opt/arm-gcc/arm-none-eabi/lib/thumb/v7e-m+fp/hard/libc.a(libc_a-findfp.o)
 .text.cleanup_stdio
                0x0000ddb0       0x40 /opt/arm-gcc/arm-none-eabi/lib/thumb/v7e-m+fp/hard/libc.a(libc_a-findfp.o)
 .text.__fp_lock
                0x0000ddf0       0x1c /opt/arm-gcc/arm-none-eabi/lib/thumb/v7e-m+fp/hard/libc.a(libc_a-findfp.o)
 .text.__fp_unlock
                0x0000de0c       0x1c /opt/arm-gcc/arm-none-eabi/lib/thumb/v7e-m+fp/hard/libc.a(libc_a-findfp.o)
 .text.global_stdio_init.part.0
                0x0000de28       0xf0 /opt/arm-gcc/arm-none-eabi/lib/thumb/v7e-m+fp/hard/libc.a(libc_a-findfp.o)
 .text.__sfp    0x0000df18       0xc0 /opt/arm-gcc/arm-none-eabi/lib/thumb/v7e-m+fp/hard/libc.a(libc_a-findfp.o)
                0x0000df18                __sfp
 .text.__sinit  0x0000dfd8       0x3c /opt/arm-gcc/arm-none-eabi/lib/thumb/v7e-m+fp/hard/libc.a(libc_a-findfp.o)
                0x0000dfd8                __sinit
 .text.__sfp_lock_acquire
                0x0000e014        0xc /opt/arm-gcc/arm-none-eabi/lib/thumb/v7e-m+fp/hard/libc.a(libc_a-findfp.o)
                0x0000e014                __sfp_lock_acquire
 .text.__sfp_lock_release
                0x0000e020        0xc /opt/arm-gcc/arm-none-eabi/lib/thumb/v7e-m+fp/hard/libc.a(libc_a-findfp.o)
                0x0000e020                __sfp_lock_release
 .text.__fp_lock_all
                0x0000e02c       0x24 /opt/arm-gcc/arm-none-eabi/lib/thumb/v7e-m+fp/hard/libc.a(libc_a-findfp.o)
                0x0000e02c                __fp_lock_all
 .text.__fp_unlock_all
                0x0000e050       0x24 /opt/arm-gcc/arm-none-eabi/lib/thumb/v7e-m+fp/hard/libc.a(libc_a-findfp.o)
                0x0000e050                __fp_unlock_all
 .text          0x0000e074        0x0 /opt/arm-gcc/arm-none-eabi/lib/thumb/v7e-m+fp/hard/libc.a(libc_a-fwalk.o)
 .text._fwalk_sglue
                0x0000e074       0x44 /opt/arm-gcc/arm-none-eabi/lib/thumb/v7e-m+fp/hard/libc.a(libc_a-fwalk.o)
                0x0000e074                _fwalk_sglue
 .text          0x0000e0b8        0x0 /opt/arm-gcc/arm-none-eabi/lib/thumb/v7e-m+fp/hard/libc.a(libc_a-stdio.o)
 .text.__sread  0x0000e0b8       0x24 /opt/arm-gcc/arm-none-eabi/lib/thumb/v7e-m+fp/hard/libc.a(libc_a-stdio.o)
                0x0000e0b8                __sread
 .text.__seofread
                0x0000e0dc        0x4 /opt/arm-gcc/arm-none-eabi/lib/thumb/v7e-m+fp/hard/libc.a(libc_a-stdio.o)
                0x0000e0dc                __seofread
 .text.__swrite
                0x0000e0e0       0x40 /opt/arm-gcc/arm-none-eabi/lib/thumb/v7e-m+fp/hard/libc.a(libc_a-stdio.o)
                0x0000e0e0                __swrite
 .text.__sseek  0x0000e120       0x24 /opt/arm-gcc/arm-none-eabi/lib/thumb/v7e-m+fp/hard/libc.a(libc_a-stdio.o)
                0x0000e120                __sseek
 .text.__sclose
                0x0000e144        0x8 /opt/arm-gcc/arm-none-eabi/lib/thumb/v7e-m+fp/hard/libc.a(libc_a-stdio.o)
                0x0000e144                __sclose
 .text          0x0000e14c        0x0 /opt/arm-gcc/arm-none-eabi/lib/thumb/v7e-m+fp/hard/libc.a(libc_a-strncpy.o)
 .text.strncpy  0x0000e14c       0x68 /opt/arm-gcc/arm-none-eabi/lib/thumb/v7e-m+fp/hard/libc.a(libc_a-strncpy.o)
                0x0000e14c                strncpy
 .text          0x0000e1b4        0x0 /opt/arm-gcc/arm-none-eabi/lib/thumb/v7e-m+fp/hard/libc.a(libc_a-locale.o)
 .text.currentlocale
                0x0000e1b4       0x50 /opt/arm-gcc/arm-none-eabi/lib/thumb/v7e-m+fp/hard/libc.a(libc_a-locale.o)
 .text.__loadlocale
                0x0000e204      0x6c8 /opt/arm-gcc/arm-none-eabi/lib/thumb/v7e-m+fp/hard/libc.a(libc_a-locale.o)
                0x0000e204                __loadlocale
 .text.__get_locale_env
                0x0000e8cc       0x50 /opt/arm-gcc/arm-none-eabi/lib/thumb/v7e-m+fp/hard/libc.a(libc_a-locale.o)
                0x0000e8cc                __get_locale_env
 .text._setlocale_r
                0x0000e91c      0x21c /opt/arm-gcc/arm-none-eabi/lib/thumb/v7e-m+fp/hard/libc.a(libc_a-locale.o)
                0x0000e91c                _setlocale_r
 .text.__locale_mb_cur_max
                0x0000eb38        0xc /opt/arm-gcc/arm-none-eabi/lib/thumb/v7e-m+fp/hard/libc.a(libc_a-locale.o)
                0x0000eb38                __locale_mb_cur_max
 .text.setlocale
                0x0000eb44       0x18 /opt/arm-gcc/arm-none-eabi/lib/thumb/v7e-m+fp/hard/libc.a(libc_a-locale.o)
                0x0000eb44                setlocale
 .text          0x0000eb5c        0x0 /opt/arm-gcc/arm-none-eabi/lib/thumb/v7e-m+fp/hard/libc.a(libc_a-localeconv.o)
 .text.__localeconv_l
                0x0000eb5c        0x4 /opt/arm-gcc/arm-none-eabi/lib/thumb/v7e-m+fp/hard/libc.a(libc_a-localeconv.o)
                0x0000eb5c                __localeconv_l
 .text._localeconv_r
                0x0000eb60        0x8 /opt/arm-gcc/arm-none-eabi/lib/thumb/v7e-m+fp/hard/libc.a(libc_a-localeconv.o)
                0x0000eb60                _localeconv_r
 .text.localeconv
                0x0000eb68        0x8 /opt/arm-gcc/arm-none-eabi/lib/thumb/v7e-m+fp/hard/libc.a(libc_a-localeconv.o)
                0x0000eb68                localeconv
 .text          0x0000eb70        0x0 /opt/arm-gcc/arm-none-eabi/lib/thumb/v7e-m+fp/hard/libc.a(libc_a-closer.o)
 .text._close_r
                0x0000eb70       0x24 /opt/arm-gcc/arm-none-eabi/lib/thumb/v7e-m+fp/hard/libc.a(libc_a-closer.o)
                0x0000eb70                _close_r
 .text          0x0000eb94        0x0 /opt/arm-gcc/arm-none-eabi/lib/thumb/v7e-m+fp/hard/libc.a(libc_a-reent.o)
 .text._reclaim_reent
                0x0000eb94       0x6c /opt/arm-gcc/arm-none-eabi/lib/thumb/v7e-m+fp/hard/libc.a(libc_a-reent.o)
                0x0000eb94                _reclaim_reent
 .text          0x0000ec00        0x0 /opt/arm-gcc/arm-none-eabi/lib/thumb/v7e-m+fp/hard/libc.a(libc_a-lseekr.o)
 .text._lseek_r
                0x0000ec00       0x2c /opt/arm-gcc/arm-none-eabi/lib/thumb/v7e-m+fp/hard/libc.a(libc_a-lseekr.o)
                0x0000ec00                _lseek_r
 .text          0x0000ec2c        0x0 /opt/arm-gcc/arm-none-eabi/lib/thumb/v7e-m+fp/hard/libc.a(libc_a-readr.o)
 .text._read_r  0x0000ec2c       0x2c /opt/arm-gcc/arm-none-eabi/lib/thumb/v7e-m+fp/hard/libc.a(libc_a-readr.o)
                0x0000ec2c                _read_r
 .text          0x0000ec58        0x0 /opt/arm-gcc/arm-none-eabi/lib/thumb/v7e-m+fp/hard/libc.a(libc_a-writer.o)
 .text._write_r
                0x0000ec58       0x2c /opt/arm-gcc/arm-none-eabi/lib/thumb/v7e-m+fp/hard/libc.a(libc_a-writer.o)
                0x0000ec58                _write_r
 .text          0x0000ec84        0x0 /opt/arm-gcc/arm-none-eabi/lib/thumb/v7e-m+fp/hard/libc.a(libc_a-lock.o)
 .text.__retarget_lock_init
                0x0000ec84        0x4 /opt/arm-gcc/arm-none-eabi/lib/thumb/v7e-m+fp/hard/libc.a(libc_a-lock.o)
                0x0000ec84                __retarget_lock_init
 .text.__retarget_lock_init_recursive
                0x0000ec88        0x4 /opt/arm-gcc/arm-none-eabi/lib/thumb/v7e-m+fp/hard/libc.a(libc_a-lock.o)
                0x0000ec88                __retarget_lock_init_recursive
 .text.__retarget_lock_close
                0x0000ec8c        0x4 /opt/arm-gcc/arm-none-eabi/lib/thumb/v7e-m+fp/hard/libc.a(libc_a-lock.o)
                0x0000ec8c                __retarget_lock_close
 .text.__retarget_lock_close_recursive
                0x0000ec90        0x4 /opt/arm-gcc/arm-none-eabi/lib/thumb/v7e-m+fp/hard/libc.a(libc_a-lock.o)
                0x0000ec90                __retarget_lock_close_recursive
 .text.__retarget_lock_acquire
                0x0000ec94        0x4 /opt/arm-gcc/arm-none-eabi/lib/thumb/v7e-m+fp/hard/libc.a(libc_a-lock.o)
                0x0000ec94                __retarget_lock_acquire
 .text.__retarget_lock_acquire_recursive
                0x0000ec98        0x4 /opt/arm-gcc/arm-none-eabi/lib/thumb/v7e-m+fp/hard/libc.a(libc_a-lock.o)
                0x0000ec98                __retarget_lock_acquire_recursive
 .text.__retarget_lock_try_acquire
                0x0000ec9c        0x4 /opt/arm-gcc/arm-none-eabi/lib/thumb/v7e-m+fp/hard/libc.a(libc_a-lock.o)
                0x0000ec9c                __retarget_lock_try_acquire
 .text.__retarget_lock_try_acquire_recursive
                0x0000eca0        0x4 /opt/arm-gcc/arm-none-eabi/lib/thumb/v7e-m+fp/hard/libc.a(libc_a-lock.o)
                0x0000eca0                __retarget_lock_try_acquire_recursive
 .text.__retarget_lock_release
                0x0000eca4        0x4 /opt/arm-gcc/arm-none-eabi/lib/thumb/v7e-m+fp/hard/libc.a(libc_a-lock.o)
                0x0000eca4                __retarget_lock_release
 .text.__retarget_lock_release_recursive
                0x0000eca8        0x4 /opt/arm-gcc/arm-none-eabi/lib/thumb/v7e-m+fp/hard/libc.a(libc_a-lock.o)
                0x0000eca8                __retarget_lock_release_recursive
 *fill*         0x0000ecac        0x4 
 .text          0x0000ecb0       0xa0 /opt/arm-gcc/arm-none-eabi/lib/thumb/v7e-m+fp/hard/libc.a(libc_a-memchr.o)
                0x0000ecb0                memchr
 *fill*         0x0000ed50       0x30 
 .text          0x0000ed80       0xd8 /opt/arm-gcc/arm-none-eabi/lib/thumb/v7e-m+fp/hard/libc.a(libc_a-strlen.o)
                0x0000ed80                strlen
 .text          0x0000ee58        0x0 /opt/arm-gcc/arm-none-eabi/lib/thumb/v7e-m+fp/hard/libc.a(libm_a-s_frexp.o)
 .text.frexp    0x0000ee58       0x64 /opt/arm-gcc/arm-none-eabi/lib/thumb/v7e-m+fp/hard/libc.a(libm_a-s_frexp.o)
                0x0000ee58                frexp
 .text          0x0000eebc        0x0 /opt/arm-gcc/arm-none-eabi/lib/thumb/v7e-m+fp/hard/libc.a(libc_a-dtoa.o)
 .text.quorem   0x0000eebc      0x12c /opt/arm-gcc/arm-none-eabi/lib/thumb/v7e-m+fp/hard/libc.a(libc_a-dtoa.o)
 .text._dtoa_r  0x0000efe8     0x1034 /opt/arm-gcc/arm-none-eabi/lib/thumb/v7e-m+fp/hard/libc.a(libc_a-dtoa.o)
                0x0000efe8                _dtoa_r
 .text          0x0001001c        0x0 /opt/arm-gcc/arm-none-eabi/lib/thumb/v7e-m+fp/hard/libc.a(libc_a-freer.o)
 .text._malloc_trim_r
                0x0001001c       0xb8 /opt/arm-gcc/arm-none-eabi/lib/thumb/v7e-m+fp/hard/libc.a(libc_a-freer.o)
                0x0001001c                _malloc_trim_r
 .text._free_r  0x000100d4      0x1f0 /opt/arm-gcc/arm-none-eabi/lib/thumb/v7e-m+fp/hard/libc.a(libc_a-freer.o)
                0x000100d4                _free_r
 .text          0x000102c4        0x0 /opt/arm-gcc/arm-none-eabi/lib/thumb/v7e-m+fp/hard/libc.a(libc_a-getenv_r.o)
 .text._findenv_r
                0x000102c4       0x80 /opt/arm-gcc/arm-none-eabi/lib/thumb/v7e-m+fp/hard/libc.a(libc_a-getenv_r.o)
                0x000102c4                _findenv_r
 .text._getenv_r
                0x00010344       0x10 /opt/arm-gcc/arm-none-eabi/lib/thumb/v7e-m+fp/hard/libc.a(libc_a-getenv_r.o)
                0x00010344                _getenv_r
 .text          0x00010354        0x0 /opt/arm-gcc/arm-none-eabi/lib/thumb/v7e-m+fp/hard/libc.a(libc_a-mallocr.o)
 .text._malloc_r
                0x00010354      0x598 /opt/arm-gcc/arm-none-eabi/lib/thumb/v7e-m+fp/hard/libc.a(libc_a-mallocr.o)
                0x00010354                _malloc_r
 .text          0x000108ec        0x0 /opt/arm-gcc/arm-none-eabi/lib/thumb/v7e-m+fp/hard/libc.a(libc_a-mbtowc_r.o)
 .text._mbtowc_r
                0x000108ec       0x14 /opt/arm-gcc/arm-none-eabi/lib/thumb/v7e-m+fp/hard/libc.a(libc_a-mbtowc_r.o)
                0x000108ec                _mbtowc_r
 .text.__ascii_mbtowc
                0x00010900       0x2c /opt/arm-gcc/arm-none-eabi/lib/thumb/v7e-m+fp/hard/libc.a(libc_a-mbtowc_r.o)
                0x00010900                __ascii_mbtowc
 .text.__utf8_mbtowc
                0x0001092c      0x200 /opt/arm-gcc/arm-none-eabi/lib/thumb/v7e-m+fp/hard/libc.a(libc_a-mbtowc_r.o)
                0x0001092c                __utf8_mbtowc
 .text.__sjis_mbtowc
                0x00010b2c       0x90 /opt/arm-gcc/arm-none-eabi/lib/thumb/v7e-m+fp/hard/libc.a(libc_a-mbtowc_r.o)
                0x00010b2c                __sjis_mbtowc
 .text.__eucjp_mbtowc
                0x00010bbc       0xc0 /opt/arm-gcc/arm-none-eabi/lib/thumb/v7e-m+fp/hard/libc.a(libc_a-mbtowc_r.o)
                0x00010bbc                __eucjp_mbtowc
 .text.__jis_mbtowc
                0x00010c7c      0x140 /opt/arm-gcc/arm-none-eabi/lib/thumb/v7e-m+fp/hard/libc.a(libc_a-mbtowc_r.o)
                0x00010c7c                __jis_mbtowc
 .text          0x00010dbc        0x0 /opt/arm-gcc/arm-none-eabi/lib/thumb/v7e-m+fp/hard/libc.a(libc_a-mlock.o)
 .text.__malloc_lock
                0x00010dbc        0xc /opt/arm-gcc/arm-none-eabi/lib/thumb/v7e-m+fp/hard/libc.a(libc_a-mlock.o)
                0x00010dbc                __malloc_lock
 .text.__malloc_unlock
                0x00010dc8        0xc /opt/arm-gcc/arm-none-eabi/lib/thumb/v7e-m+fp/hard/libc.a(libc_a-mlock.o)
                0x00010dc8                __malloc_unlock
 .text          0x00010dd4        0x0 /opt/arm-gcc/arm-none-eabi/lib/thumb/v7e-m+fp/hard/libc.a(libc_a-mprec.o)
 .text._Balloc  0x00010dd4       0x4c /opt/arm-gcc/arm-none-eabi/lib/thumb/v7e-m+fp/hard/libc.a(libc_a-mprec.o)
                0x00010dd4                _Balloc
 .text._Bfree   0x00010e20       0x14 /opt/arm-gcc/arm-none-eabi/lib/thumb/v7e-m+fp/hard/libc.a(libc_a-mprec.o)
                0x00010e20                _Bfree
 .text.__multadd
                0x00010e34       0xa0 /opt/arm-gcc/arm-none-eabi/lib/thumb/v7e-m+fp/hard/libc.a(libc_a-mprec.o)
                0x00010e34                __multadd
 .text.__s2b    0x00010ed4       0xb4 /opt/arm-gcc/arm-none-eabi/lib/thumb/v7e-m+fp/hard/libc.a(libc_a-mprec.o)
                0x00010ed4                __s2b
 .text.__hi0bits
                0x00010f88       0x54 /opt/arm-gcc/arm-none-eabi/lib/thumb/v7e-m+fp/hard/libc.a(libc_a-mprec.o)
                0x00010f88                __hi0bits
 .text.__lo0bits
                0x00010fdc       0x80 /opt/arm-gcc/arm-none-eabi/lib/thumb/v7e-m+fp/hard/libc.a(libc_a-mprec.o)
                0x00010fdc                __lo0bits
 .text.__i2b    0x0001105c       0x5c /opt/arm-gcc/arm-none-eabi/lib/thumb/v7e-m+fp/hard/libc.a(libc_a-mprec.o)
                0x0001105c                __i2b
 .text.__multiply
                0x000110b8      0x16c /opt/arm-gcc/arm-none-eabi/lib/thumb/v7e-m+fp/hard/libc.a(libc_a-mprec.o)
                0x000110b8                __multiply
 .text.__pow5mult
                0x00011224       0xc0 /opt/arm-gcc/arm-none-eabi/lib/thumb/v7e-m+fp/hard/libc.a(libc_a-mprec.o)
                0x00011224                __pow5mult
 .text.__lshift
                0x000112e4       0xe8 /opt/arm-gcc/arm-none-eabi/lib/thumb/v7e-m+fp/hard/libc.a(libc_a-mprec.o)
                0x000112e4                __lshift
 .text.__mcmp   0x000113cc       0x44 /opt/arm-gcc/arm-none-eabi/lib/thumb/v7e-m+fp/hard/libc.a(libc_a-mprec.o)
                0x000113cc                __mcmp
 .text.__mdiff  0x00011410      0x174 /opt/arm-gcc/arm-none-eabi/lib/thumb/v7e-m+fp/hard/libc.a(libc_a-mprec.o)
                0x00011410                __mdiff
 .text.__ulp    0x00011584       0x64 /opt/arm-gcc/arm-none-eabi/lib/thumb/v7e-m+fp/hard/libc.a(libc_a-mprec.o)
                0x00011584                __ulp
 .text.__b2d    0x000115e8       0xbc /opt/arm-gcc/arm-none-eabi/lib/thumb/v7e-m+fp/hard/libc.a(libc_a-mprec.o)
                0x000115e8                __b2d
 .text.__d2b    0x000116a4       0xbc /opt/arm-gcc/arm-none-eabi/lib/thumb/v7e-m+fp/hard/libc.a(libc_a-mprec.o)
                0x000116a4                __d2b
 .text.__ratio  0x00011760       0x60 /opt/arm-gcc/arm-none-eabi/lib/thumb/v7e-m+fp/hard/libc.a(libc_a-mprec.o)
                0x00011760                __ratio
 .text._mprec_log10
                0x000117c0       0x40 /opt/arm-gcc/arm-none-eabi/lib/thumb/v7e-m+fp/hard/libc.a(libc_a-mprec.o)
                0x000117c0                _mprec_log10
 .text.__copybits
                0x00011800       0x5c /opt/arm-gcc/arm-none-eabi/lib/thumb/v7e-m+fp/hard/libc.a(libc_a-mprec.o)
                0x00011800                __copybits
 .text.__any_on
                0x0001185c       0x5c /opt/arm-gcc/arm-none-eabi/lib/thumb/v7e-m+fp/hard/libc.a(libc_a-mprec.o)
                0x0001185c                __any_on
 .text          0x000118b8        0x0 /opt/arm-gcc/arm-none-eabi/lib/thumb/v7e-m+fp/hard/libc.a(libc_a-strtol.o)
 .text._strtol_l.isra.0
                0x000118b8      0x138 /opt/arm-gcc/arm-none-eabi/lib/thumb/v7e-m+fp/hard/libc.a(libc_a-strtol.o)
 .text._strtol_r
                0x000119f0        0x4 /opt/arm-gcc/arm-none-eabi/lib/thumb/v7e-m+fp/hard/libc.a(libc_a-strtol.o)
                0x000119f0                _strtol_r
 .text.strtol_l
                0x000119f4       0x1c /opt/arm-gcc/arm-none-eabi/lib/thumb/v7e-m+fp/hard/libc.a(libc_a-strtol.o)
                0x000119f4                strtol_l
 .text.strtol   0x00011a10       0x1c /opt/arm-gcc/arm-none-eabi/lib/thumb/v7e-m+fp/hard/libc.a(libc_a-strtol.o)
                0x00011a10                strtol
 .text          0x00011a2c        0x0 /opt/arm-gcc/arm-none-eabi/lib/thumb/v7e-m+fp/hard/libc.a(libc_a-wctomb_r.o)
 .text._wctomb_r
                0x00011a2c       0x14 /opt/arm-gcc/arm-none-eabi/lib/thumb/v7e-m+fp/hard/libc.a(libc_a-wctomb_r.o)
                0x00011a2c                _wctomb_r
 .text.__ascii_wctomb
                0x00011a40       0x1c /opt/arm-gcc/arm-none-eabi/lib/thumb/v7e-m+fp/hard/libc.a(libc_a-wctomb_r.o)
                0x00011a40                __ascii_wctomb
 .text.__utf8_wctomb
                0x00011a5c       0x9c /opt/arm-gcc/arm-none-eabi/lib/thumb/v7e-m+fp/hard/libc.a(libc_a-wctomb_r.o)
                0x00011a5c                __utf8_wctomb
 .text.__sjis_wctomb
                0x00011af8       0x58 /opt/arm-gcc/arm-none-eabi/lib/thumb/v7e-m+fp/hard/libc.a(libc_a-wctomb_r.o)
                0x00011af8                __sjis_wctomb
 .text.__eucjp_wctomb
                0x00011b50       0x7c /opt/arm-gcc/arm-none-eabi/lib/thumb/v7e-m+fp/hard/libc.a(libc_a-wctomb_r.o)
                0x00011b50                __eucjp_wctomb
 .text.__jis_wctomb
                0x00011bcc       0x7c /opt/arm-gcc/arm-none-eabi/lib/thumb/v7e-m+fp/hard/libc.a(libc_a-wctomb_r.o)
                0x00011bcc                __jis_wctomb
 .text          0x00011c48        0x0 /opt/arm-gcc/arm-none-eabi/lib/thumb/v7e-m+fp/hard/libc.a(libc_a-wcrtomb.o)
 .text._wcrtomb_r
                0x00011c48       0x4c /opt/arm-gcc/arm-none-eabi/lib/thumb/v7e-m+fp/hard/libc.a(libc_a-wcrtomb.o)
                0x00011c48                _wcrtomb_r
 .text.wcrtomb  0x00011c94       0x58 /opt/arm-gcc/arm-none-eabi/lib/thumb/v7e-m+fp/hard/libc.a(libc_a-wcrtomb.o)
                0x00011c94                wcrtomb
 .text          0x00011cec        0x0 /opt/arm-gcc/arm-none-eabi/lib/thumb/v7e-m+fp/hard/libc.a(libc_a-wcsrtombs.o)
 .text._wcsrtombs_r
                0x00011cec       0x18 /opt/arm-gcc/arm-none-eabi/lib/thumb/v7e-m+fp/hard/libc.a(libc_a-wcsrtombs.o)
                0x00011cec                _wcsrtombs_r
 .text.wcsrtombs
                0x00011d04       0x24 /opt/arm-gcc/arm-none-eabi/lib/thumb/v7e-m+fp/hard/libc.a(libc_a-wcsrtombs.o)
                0x00011d04                wcsrtombs
 .text          0x00011d28        0x0 /opt/arm-gcc/arm-none-eabi/lib/thumb/v7e-m+fp/hard/libc.a(libc_a-ctype_.o)
 .text.__set_ctype
                0x00011d28        0xc /opt/arm-gcc/arm-none-eabi/lib/thumb/v7e-m+fp/hard/libc.a(libc_a-ctype_.o)
                0x00011d28                __set_ctype
 .text          0x00011d34        0x0 /opt/arm-gcc/arm-none-eabi/lib/thumb/v7e-m+fp/hard/libc.a(libc_a-ssputs_r.o)
 .text.__ssputs_r
                0x00011d34       0xc0 /opt/arm-gcc/arm-none-eabi/lib/thumb/v7e-m+fp/hard/libc.a(libc_a-ssputs_r.o)
                0x00011d34                __ssputs_r
 .text          0x00011df4        0x0 /opt/arm-gcc/arm-none-eabi/lib/thumb/v7e-m+fp/hard/libc.a(libc_a-fclose.o)
 .text._fclose_r
                0x00011df4       0xc0 /opt/arm-gcc/arm-none-eabi/lib/thumb/v7e-m+fp/hard/libc.a(libc_a-fclose.o)
                0x00011df4                _fclose_r
 .text.fclose   0x00011eb4       0x10 /opt/arm-gcc/arm-none-eabi/lib/thumb/v7e-m+fp/hard/libc.a(libc_a-fclose.o)
                0x00011eb4                fclose
 .text          0x00011ec4        0x0 /opt/arm-gcc/arm-none-eabi/lib/thumb/v7e-m+fp/hard/libc.a(libc_a-fflush.o)
 .text.__sflush_r
                0x00011ec4      0x134 /opt/arm-gcc/arm-none-eabi/lib/thumb/v7e-m+fp/hard/libc.a(libc_a-fflush.o)
                0x00011ec4                __sflush_r
 .text._fflush_r
                0x00011ff8       0x54 /opt/arm-gcc/arm-none-eabi/lib/thumb/v7e-m+fp/hard/libc.a(libc_a-fflush.o)
                0x00011ff8                _fflush_r
 .text.fflush   0x0001204c       0x74 /opt/arm-gcc/arm-none-eabi/lib/thumb/v7e-m+fp/hard/libc.a(libc_a-fflush.o)
                0x0001204c                fflush
 .text          0x000120c0        0x0 /opt/arm-gcc/arm-none-eabi/lib/thumb/v7e-m+fp/hard/libc.a(libc_a-memmove.o)
 .text.memmove  0x000120c0       0xf8 /opt/arm-gcc/arm-none-eabi/lib/thumb/v7e-m+fp/hard/libc.a(libc_a-memmove.o)
                0x000120c0                memmove
 .text          0x000121b8        0x0 /opt/arm-gcc/arm-none-eabi/lib/thumb/v7e-m+fp/hard/libc.a(libc_a-strcasecmp.o)
 .text.strcasecmp
                0x000121b8       0x4c /opt/arm-gcc/arm-none-eabi/lib/thumb/v7e-m+fp/hard/libc.a(libc_a-strcasecmp.o)
                0x000121b8                strcasecmp
 .text          0x00012204        0x0 /opt/arm-gcc/arm-none-eabi/lib/thumb/v7e-m+fp/hard/libc.a(libc_a-strcat.o)
 .text.strcat   0x00012204       0x40 /opt/arm-gcc/arm-none-eabi/lib/thumb/v7e-m+fp/hard/libc.a(libc_a-strcat.o)
                0x00012204                strcat
 .text          0x00012244        0x0 /opt/arm-gcc/arm-none-eabi/lib/thumb/v7e-m+fp/hard/libc.a(libc_a-strchr.o)
 .text.strchr   0x00012244       0xd0 /opt/arm-gcc/arm-none-eabi/lib/thumb/v7e-m+fp/hard/libc.a(libc_a-strchr.o)
                0x00012244                strchr
 .text          0x00012314        0x0 /opt/arm-gcc/arm-none-eabi/lib/thumb/v7e-m+fp/hard/libc.a(libc_a-strlcpy.o)
 .text.strlcpy  0x00012314       0x4c /opt/arm-gcc/arm-none-eabi/lib/thumb/v7e-m+fp/hard/libc.a(libc_a-strlcpy.o)
                0x00012314                strlcpy
 .text          0x00012360        0x0 /opt/arm-gcc/arm-none-eabi/lib/thumb/v7e-m+fp/hard/libc.a(libc_a-strncasecmp.o)
 .text.strncasecmp
                0x00012360       0x54 /opt/arm-gcc/arm-none-eabi/lib/thumb/v7e-m+fp/hard/libc.a(libc_a-strncasecmp.o)
                0x00012360                strncasecmp
 .text          0x000123b4        0x0 /opt/arm-gcc/arm-none-eabi/lib/thumb/v7e-m+fp/hard/libc.a(libc_a-strncmp.o)
 .text.strncmp  0x000123b4       0x78 /opt/arm-gcc/arm-none-eabi/lib/thumb/v7e-m+fp/hard/libc.a(libc_a-strncmp.o)
                0x000123b4                strncmp
 .text          0x0001242c        0x0 /opt/arm-gcc/arm-none-eabi/lib/thumb/v7e-m+fp/hard/libc.a(libc_a-sbrkr.o)
 .text._sbrk_r  0x0001242c       0x24 /opt/arm-gcc/arm-none-eabi/lib/thumb/v7e-m+fp/hard/libc.a(libc_a-sbrkr.o)
                0x0001242c                _sbrk_r
 .text          0x00012450        0x0 /opt/arm-gcc/arm-none-eabi/lib/thumb/v7e-m+fp/hard/libc.a(libc_a-sysconf.o)
 .text.sysconf  0x00012450       0x1c /opt/arm-gcc/arm-none-eabi/lib/thumb/v7e-m+fp/hard/libc.a(libc_a-sysconf.o)
                0x00012450                sysconf
 .text          0x0001246c        0x0 /opt/arm-gcc/arm-none-eabi/lib/thumb/v7e-m+fp/hard/libc.a(libc_a-assert.o)
 .text.__assert_func
                0x0001246c       0x40 /opt/arm-gcc/arm-none-eabi/lib/thumb/v7e-m+fp/hard/libc.a(libc_a-assert.o)
                0x0001246c                __assert_func
 .text.__assert
                0x000124ac        0xc /opt/arm-gcc/arm-none-eabi/lib/thumb/v7e-m+fp/hard/libc.a(libc_a-assert.o)
                0x000124ac                __assert
 .text          0x000124b8        0x0 /opt/arm-gcc/arm-none-eabi/lib/thumb/v7e-m+fp/hard/libc.a(libc_a-callocr.o)
 .text._calloc_r
                0x000124b8       0x6c /opt/arm-gcc/arm-none-eabi/lib/thumb/v7e-m+fp/hard/libc.a(libc_a-callocr.o)
                0x000124b8                _calloc_r
 .text          0x00012524        0x0 /opt/arm-gcc/arm-none-eabi/lib/thumb/v7e-m+fp/hard/libc.a(libc_a-environ.o)
 .text          0x00012524        0x0 /opt/arm-gcc/arm-none-eabi/lib/thumb/v7e-m+fp/hard/libc.a(libc_a-envlock.o)
 .text.__env_lock
                0x00012524        0xc /opt/arm-gcc/arm-none-eabi/lib/thumb/v7e-m+fp/hard/libc.a(libc_a-envlock.o)
                0x00012524                __env_lock
 .text.__env_unlock
                0x00012530        0xc /opt/arm-gcc/arm-none-eabi/lib/thumb/v7e-m+fp/hard/libc.a(libc_a-envlock.o)
                0x00012530                __env_unlock
 .text          0x0001253c        0x0 /opt/arm-gcc/arm-none-eabi/lib/thumb/v7e-m+fp/hard/libc.a(libc_a-reallocr.o)
 .text._realloc_r
                0x0001253c      0x348 /opt/arm-gcc/arm-none-eabi/lib/thumb/v7e-m+fp/hard/libc.a(libc_a-reallocr.o)
                0x0001253c                _realloc_r
 .text          0x00012884        0x0 /opt/arm-gcc/arm-none-eabi/lib/thumb/v7e-m+fp/hard/libc.a(libc_a-wcsnrtombs.o)
 .text._wcsnrtombs_l
                0x00012884       0xf0 /opt/arm-gcc/arm-none-eabi/lib/thumb/v7e-m+fp/hard/libc.a(libc_a-wcsnrtombs.o)
                0x00012884                _wcsnrtombs_l
 .text._wcsnrtombs_r
                0x00012974       0x24 /opt/arm-gcc/arm-none-eabi/lib/thumb/v7e-m+fp/hard/libc.a(libc_a-wcsnrtombs.o)
                0x00012974                _wcsnrtombs_r
 .text.wcsnrtombs
                0x00012998       0x2c /opt/arm-gcc/arm-none-eabi/lib/thumb/v7e-m+fp/hard/libc.a(libc_a-wcsnrtombs.o)
                0x00012998                wcsnrtombs
 .text          0x000129c4        0x0 /opt/arm-gcc/arm-none-eabi/lib/thumb/v7e-m+fp/hard/libc.a(libc_a-fiprintf.o)
 .text._fiprintf_r
                0x000129c4       0x1c /opt/arm-gcc/arm-none-eabi/lib/thumb/v7e-m+fp/hard/libc.a(libc_a-fiprintf.o)
                0x000129c4                _fiprintf_r
 .text.fiprintf
                0x000129e0       0x28 /opt/arm-gcc/arm-none-eabi/lib/thumb/v7e-m+fp/hard/libc.a(libc_a-fiprintf.o)
                0x000129e0                fiprintf
 .text          0x00012a08        0x0 /opt/arm-gcc/arm-none-eabi/lib/thumb/v7e-m+fp/hard/libc.a(libc_a-vfiprintf.o)
 .text._vfiprintf_r
                0x00012a08     0x1288 /opt/arm-gcc/arm-none-eabi/lib/thumb/v7e-m+fp/hard/libc.a(libc_a-vfiprintf.o)
                0x00012a08                _vfiprintf_r
 .text.vfiprintf
                0x00013c90       0x1c /opt/arm-gcc/arm-none-eabi/lib/thumb/v7e-m+fp/hard/libc.a(libc_a-vfiprintf.o)
                0x00013c90                vfiprintf
 .text.__sbprintf
                0x00013cac       0x84 /opt/arm-gcc/arm-none-eabi/lib/thumb/v7e-m+fp/hard/libc.a(libc_a-vfiprintf.o)
 .text          0x00013d30        0x0 /opt/arm-gcc/arm-none-eabi/lib/thumb/v7e-m+fp/hard/libc.a(libc_a-sprint_r.o)
 .text.__sprint_r
                0x00013d30       0x20 /opt/arm-gcc/arm-none-eabi/lib/thumb/v7e-m+fp/hard/libc.a(libc_a-sprint_r.o)
                0x00013d30                __sprint_r
 .text          0x00013d50        0x0 /opt/arm-gcc/arm-none-eabi/lib/thumb/v7e-m+fp/hard/libc.a(libc_a-fvwrite.o)
 .text.__sfvwrite_r
                0x00013d50      0x2e4 /opt/arm-gcc/arm-none-eabi/lib/thumb/v7e-m+fp/hard/libc.a(libc_a-fvwrite.o)
                0x00013d50                __sfvwrite_r
 .text          0x00014034        0x0 /opt/arm-gcc/arm-none-eabi/lib/thumb/v7e-m+fp/hard/libc.a(libc_a-wsetup.o)
 .text.__swsetup_r
                0x00014034       0xfc /opt/arm-gcc/arm-none-eabi/lib/thumb/v7e-m+fp/hard/libc.a(libc_a-wsetup.o)
                0x00014034                __swsetup_r
 .text          0x00014130        0x0 /opt/arm-gcc/arm-none-eabi/lib/thumb/v7e-m+fp/hard/libc.a(libc_a-abort.o)
 .text.abort    0x00014130       0x10 /opt/arm-gcc/arm-none-eabi/lib/thumb/v7e-m+fp/hard/libc.a(libc_a-abort.o)
                0x00014130                abort
 .text          0x00014140        0x0 /opt/arm-gcc/arm-none-eabi/lib/thumb/v7e-m+fp/hard/libc.a(libc_a-makebuf.o)
 .text.__smakebuf_r
                0x00014140       0xd0 /opt/arm-gcc/arm-none-eabi/lib/thumb/v7e-m+fp/hard/libc.a(libc_a-makebuf.o)
                0x00014140                __smakebuf_r
 .text.__swhatbuf_r
                0x00014210       0x60 /opt/arm-gcc/arm-none-eabi/lib/thumb/v7e-m+fp/hard/libc.a(libc_a-makebuf.o)
                0x00014210                __swhatbuf_r
 .text          0x00014270        0x0 /opt/arm-gcc/arm-none-eabi/lib/thumb/v7e-m+fp/hard/libc.a(libc_a-signal.o)
 .text._init_signal_r
                0x00014270       0x30 /opt/arm-gcc/arm-none-eabi/lib/thumb/v7e-m+fp/hard/libc.a(libc_a-signal.o)
                0x00014270                _init_signal_r
 .text._signal_r
                0x000142a0       0x50 /opt/arm-gcc/arm-none-eabi/lib/thumb/v7e-m+fp/hard/libc.a(libc_a-signal.o)
                0x000142a0                _signal_r
 .text._raise_r
                0x000142f0       0x54 /opt/arm-gcc/arm-none-eabi/lib/thumb/v7e-m+fp/hard/libc.a(libc_a-signal.o)
                0x000142f0                _raise_r
 .text.__sigtramp_r
                0x00014344       0x64 /opt/arm-gcc/arm-none-eabi/lib/thumb/v7e-m+fp/hard/libc.a(libc_a-signal.o)
                0x00014344                __sigtramp_r
 .text.raise    0x000143a8       0x58 /opt/arm-gcc/arm-none-eabi/lib/thumb/v7e-m+fp/hard/libc.a(libc_a-signal.o)
                0x000143a8                raise
 .text.signal   0x00014400       0x50 /opt/arm-gcc/arm-none-eabi/lib/thumb/v7e-m+fp/hard/libc.a(libc_a-signal.o)
                0x00014400                signal
 .text._init_signal
                0x00014450       0x38 /opt/arm-gcc/arm-none-eabi/lib/thumb/v7e-m+fp/hard/libc.a(libc_a-signal.o)
                0x00014450                _init_signal
 .text.__sigtramp
                0x00014488       0x64 /opt/arm-gcc/arm-none-eabi/lib/thumb/v7e-m+fp/hard/libc.a(libc_a-signal.o)
                0x00014488                __sigtramp
 .text          0x000144ec        0x0 /opt/arm-gcc/arm-none-eabi/lib/thumb/v7e-m+fp/hard/libc.a(libc_a-fstatr.o)
 .text._fstat_r
                0x000144ec       0x2c /opt/arm-gcc/arm-none-eabi/lib/thumb/v7e-m+fp/hard/libc.a(libc_a-fstatr.o)
                0x000144ec                _fstat_r
 .text          0x00014518        0x0 /opt/arm-gcc/arm-none-eabi/lib/thumb/v7e-m+fp/hard/libc.a(libc_a-isattyr.o)
 .text._isatty_r
                0x00014518       0x24 /opt/arm-gcc/arm-none-eabi/lib/thumb/v7e-m+fp/hard/libc.a(libc_a-isattyr.o)
                0x00014518                _isatty_r
 .text          0x0001453c        0x0 /opt/arm-gcc/arm-none-eabi/lib/thumb/v7e-m+fp/hard/libc.a(libc_a-signalr.o)
 .text._kill_r  0x0001453c       0x2c /opt/arm-gcc/arm-none-eabi/lib/thumb/v7e-m+fp/hard/libc.a(libc_a-signalr.o)
                0x0001453c                _kill_r
 .text._getpid_r
                0x00014568        0x4 /opt/arm-gcc/arm-none-eabi/lib/thumb/v7e-m+fp/hard/libc.a(libc_a-signalr.o)
                0x00014568                _getpid_r
 .text          0x0001456c      0x254 /opt/arm-gcc/lib/gcc/arm-none-eabi/14.2.1/thumb/v7e-m+fp/hard/libgcc.a(_arm_muldf3.o)
 .text          0x000147c0      0x378 /opt/arm-gcc/lib/gcc/arm-none-eabi/14.2.1/thumb/v7e-m+fp/hard/libgcc.a(_arm_addsubdf3.o)
                0x000147c0                __aeabi_drsub
                0x000147c8                __aeabi_dsub
                0x000147c8                __subdf3
                0x000147cc                __adddf3
                0x000147cc                __aeabi_dadd
                0x00014a44                __aeabi_ui2d
                0x00014a44                __floatunsidf
                0x00014a64                __floatsidf
                0x00014a64                __aeabi_i2d
                0x00014a88                __extendsfdf2
                0x00014a88                __aeabi_f2d
                0x00014acc                __aeabi_ul2d
                0x00014acc                __floatundidf
                0x00014adc                __floatdidf
                0x00014adc                __aeabi_l2d
 .text          0x00014b38      0x424 /opt/arm-gcc/lib/gcc/arm-none-eabi/14.2.1/thumb/v7e-m+fp/hard/libgcc.a(_arm_muldivdf3.o)
                0x00014b38                __aeabi_dmul
                0x00014b38                __muldf3
                0x00014d8c                __aeabi_ddiv
                0x00014d8c                __divdf3
 .text          0x00014f5c      0x110 /opt/arm-gcc/lib/gcc/arm-none-eabi/14.2.1/thumb/v7e-m+fp/hard/libgcc.a(_arm_cmpdf2.o)
                0x00014f5c                __gtdf2
                0x00014f5c                __gedf2
                0x00014f64                __ltdf2
                0x00014f64                __ledf2
                0x00014f6c                __cmpdf2
                0x00014f6c                __eqdf2
                0x00014f6c                __nedf2
                0x00014fe8                __aeabi_cdrcmple
                0x00014ff8                __aeabi_cdcmple
                0x00014ff8                __aeabi_cdcmpeq
                0x00015008                __aeabi_dcmpeq
                0x0001501c                __aeabi_dcmplt
                0x00015030                __aeabi_dcmple
                0x00015044                __aeabi_dcmpge
                0x00015058                __aeabi_dcmpgt
 .text          0x0001506c       0x2c /opt/arm-gcc/lib/gcc/arm-none-eabi/14.2.1/thumb/v7e-m+fp/hard/libgcc.a(_arm_unorddf2.o)
                0x0001506c                __aeabi_dcmpun
                0x0001506c                __unorddf2
 .text          0x00015098       0x50 /opt/arm-gcc/lib/gcc/arm-none-eabi/14.2.1/thumb/v7e-m+fp/hard/libgcc.a(_arm_fixdfsi.o)
                0x00015098                __fixdfsi
                0x00015098                __aeabi_d2iz
 .text          0x000150e8       0x40 /opt/arm-gcc/lib/gcc/arm-none-eabi/14.2.1/thumb/v7e-m+fp/hard/libgcc.a(_arm_fixunsdfsi.o)
                0x000150e8                __fixunsdfsi
                0x000150e8                __aeabi_d2uiz
 .text          0x00015128       0xa0 /opt/arm-gcc/lib/gcc/arm-none-eabi/14.2.1/thumb/v7e-m+fp/hard/libgcc.a(_arm_truncdfsf2.o)
                0x00015128                __aeabi_d2f
                0x00015128                __truncdfsf2
 .text.__stub   0x000151c8       0x50 linker stubs
 *(.rodata*)
 .rodata        0x00015218       0x73 main.o
 *fill*         0x0001528b        0x1 
 .rodata        0x0001528c      0x1ca motor_uart.o
 *fill*         0x00015456        0x2 
 .rodata        0x00015458       0x12 bsp/libbsp.a(ledbtn.o)
 *fill*         0x0001546a        0x2 
 .rodata        0x0001546c       0x17 bsp/libbsp.a(printf.o)
 *fill*         0x00015483        0x1 
 .rodata        0x00015484        0xc bsp2/libbsp2.a(encoder.o)
 .rodata        0x00015490        0xb rtx/librtx.a(rtx_kernel.o)
 *fill*         0x0001549b        0x1 
 .rodata        0x0001549c      0x110 rtx/librtx.a(rtx_lib.o)
                0x000154fc                osRtxConfig
                0x0001556c                irqRtxLibRef
                0x00015570                osRtxUserSVC
                0x00015574                os_cb_sections
 .rodata        0x000155ac        0x1 rtx/librtx.a(irq_armv7m.o)
                0x000155ac                irqRtxLib
 *fill*         0x000155ad        0x3 
 .rodata.Zero   0x000155b0       0x10 /opt/arm-gcc/arm-none-eabi/lib/thumb/v7e-m+fp/hard/libm.a(libm_a-e_fmod.o)
 .rodata.npio2_hw
                0x000155c0       0x80 /opt/arm-gcc/arm-none-eabi/lib/thumb/v7e-m+fp/hard/libm.a(libm_a-e_rem_pio2.o)
 .rodata.two_over_pi
                0x00015640      0x108 /opt/arm-gcc/arm-none-eabi/lib/thumb/v7e-m+fp/hard/libm.a(libm_a-e_rem_pio2.o)
 .rodata.PIo2   0x00015748       0x40 /opt/arm-gcc/arm-none-eabi/lib/thumb/v7e-m+fp/hard/libm.a(libm_a-k_rem_pio2.o)
 .rodata.init_jk
                0x00015788       0x10 /opt/arm-gcc/arm-none-eabi/lib/thumb/v7e-m+fp/hard/libm.a(libm_a-k_rem_pio2.o)
 .rodata._svfprintf_r.str1.4
                0x00015798      0x29b /opt/arm-gcc/arm-none-eabi/lib/thumb/v7e-m+fp/hard/libc.a(libc_a-svfprintf.o)
                                 0x42 (size before relaxing)
 *fill*         0x00015a33        0x1 
 .rodata.zeroes.0
                0x00015a34       0x10 /opt/arm-gcc/arm-none-eabi/lib/thumb/v7e-m+fp/hard/libc.a(libc_a-svfprintf.o)
 .rodata.blanks.1
                0x00015a44       0x10 /opt/arm-gcc/arm-none-eabi/lib/thumb/v7e-m+fp/hard/libc.a(libc_a-svfprintf.o)
 .rodata.currentlocale.str1.4
                0x00015a54        0x2 /opt/arm-gcc/arm-none-eabi/lib/thumb/v7e-m+fp/hard/libc.a(libc_a-locale.o)
 .rodata.__loadlocale.str1.4
                0x00015a54       0xde /opt/arm-gcc/arm-none-eabi/lib/thumb/v7e-m+fp/hard/libc.a(libc_a-locale.o)
 .rodata.__get_locale_env.str1.4
                0x00015a54        0xd /opt/arm-gcc/arm-none-eabi/lib/thumb/v7e-m+fp/hard/libc.a(libc_a-locale.o)
 .rodata.str1.4
                0x00015a54       0x4c /opt/arm-gcc/arm-none-eabi/lib/thumb/v7e-m+fp/hard/libc.a(libc_a-locale.o)
 .rodata.__C_locale
                0x00015a54      0x16c /opt/arm-gcc/arm-none-eabi/lib/thumb/v7e-m+fp/hard/libc.a(libc_a-locale.o)
                0x00015a54                __C_locale
 .rodata.categories
                0x00015bc0       0x1c /opt/arm-gcc/arm-none-eabi/lib/thumb/v7e-m+fp/hard/libc.a(libc_a-locale.o)
 .rodata._dtoa_r.str1.4
                0x00015bdc       0x81 /opt/arm-gcc/arm-none-eabi/lib/thumb/v7e-m+fp/hard/libc.a(libc_a-dtoa.o)
 .rodata.JIS_action_table
                0x00015bdc       0x48 /opt/arm-gcc/arm-none-eabi/lib/thumb/v7e-m+fp/hard/libc.a(libc_a-mbtowc_r.o)
 .rodata.JIS_state_table
                0x00015c24       0x48 /opt/arm-gcc/arm-none-eabi/lib/thumb/v7e-m+fp/hard/libc.a(libc_a-mbtowc_r.o)
 .rodata.__multadd.str1.4
                0x00015c6c       0x6e /opt/arm-gcc/arm-none-eabi/lib/thumb/v7e-m+fp/hard/libc.a(libc_a-mprec.o)
 .rodata.p05.0  0x00015c6c        0xc /opt/arm-gcc/arm-none-eabi/lib/thumb/v7e-m+fp/hard/libc.a(libc_a-mprec.o)
 .rodata.__mprec_tinytens
                0x00015c78       0x28 /opt/arm-gcc/arm-none-eabi/lib/thumb/v7e-m+fp/hard/libc.a(libc_a-mprec.o)
                0x00015c78                __mprec_tinytens
 .rodata.__mprec_bigtens
                0x00015ca0       0x28 /opt/arm-gcc/arm-none-eabi/lib/thumb/v7e-m+fp/hard/libc.a(libc_a-mprec.o)
                0x00015ca0                __mprec_bigtens
 .rodata.__mprec_tens
                0x00015cc8       0xc8 /opt/arm-gcc/arm-none-eabi/lib/thumb/v7e-m+fp/hard/libc.a(libc_a-mprec.o)
                0x00015cc8                __mprec_tens
 .rodata._ctype_
                0x00015d90      0x101 /opt/arm-gcc/arm-none-eabi/lib/thumb/v7e-m+fp/hard/libc.a(libc_a-ctype_.o)
                0x00015d90                _ctype_
 .rodata.__assert_func.str1.4
                0x00015e91       0x43 /opt/arm-gcc/arm-none-eabi/lib/thumb/v7e-m+fp/hard/libc.a(libc_a-assert.o)
 .rodata._vfiprintf_r.str1.4
                0x00015e91       0x2f /opt/arm-gcc/arm-none-eabi/lib/thumb/v7e-m+fp/hard/libc.a(libc_a-vfiprintf.o)
 *fill*         0x00015e91        0x3 
 .rodata.zeroes.0
                0x00015e94       0x10 /opt/arm-gcc/arm-none-eabi/lib/thumb/v7e-m+fp/hard/libc.a(libc_a-vfiprintf.o)
 .rodata.blanks.1
                0x00015ea4       0x10 /opt/arm-gcc/arm-none-eabi/lib/thumb/v7e-m+fp/hard/libc.a(libc_a-vfiprintf.o)
 *(.ARM.exidx*)
 .ARM.exidx     0x00015eb4        0x8 rtx/librtx.a(irq_armv7m.o)
                                 0x18 (size before relaxing)
 .ARM.exidx     0x00015ebc        0x0 /opt/arm-gcc/arm-none-eabi/lib/thumb/v7e-m+fp/hard/libc.a(libc_a-strcmp.o)
                                  0x8 (size before relaxing)
 .ARM.exidx     0x00015ebc        0x0 /opt/arm-gcc/arm-none-eabi/lib/thumb/v7e-m+fp/hard/libc.a(libc_a-memcpy.o)
                                  0x8 (size before relaxing)
 .ARM.exidx     0x00015ebc        0x0 /opt/arm-gcc/arm-none-eabi/lib/thumb/v7e-m+fp/hard/libc.a(libc_a-memchr.o)
                                  0x8 (size before relaxing)
 .ARM.exidx     0x00015ebc        0x0 /opt/arm-gcc/arm-none-eabi/lib/thumb/v7e-m+fp/hard/libc.a(libc_a-strlen.o)
                                  0x8 (size before relaxing)
 *(.eh_frame)
                0x00015ebc                        . = ALIGN (0x4)

.glue_7         0x00015ebc        0x0
 .glue_7        0x00015ebc        0x0 linker stubs

.glue_7t        0x00015ebc        0x0
 .glue_7t       0x00015ebc        0x0 linker stubs

.vfp11_veneer   0x00015ebc        0x0
 .vfp11_veneer  0x00015ebc        0x0 linker stubs

.v4_bx          0x00015ebc        0x0
 .v4_bx         0x00015ebc        0x0 linker stubs

.iplt           0x00015ebc        0x0
 .iplt          0x00015ebc        0x0 startup.o

.rel.dyn        0x00015ebc        0x0
 .rel.iplt      0x00015ebc        0x0 startup.o

.ARM.extab      0x00015ebc        0x0
 .ARM.extab     0x00015ebc        0x0 rtx/librtx.a(irq_armv7m.o)
 .ARM.extab     0x00015ebc        0x0 /opt/arm-gcc/arm-none-eabi/lib/thumb/v7e-m+fp/hard/libc.a(libc_a-strcmp.o)
 .ARM.extab     0x00015ebc        0x0 /opt/arm-gcc/arm-none-eabi/lib/thumb/v7e-m+fp/hard/libc.a(libc_a-memcpy.o)
 .ARM.extab     0x00015ebc        0x0 /opt/arm-gcc/arm-none-eabi/lib/thumb/v7e-m+fp/hard/libc.a(libc_a-memchr.o)
 .ARM.extab     0x00015ebc        0x0 /opt/arm-gcc/arm-none-eabi/lib/thumb/v7e-m+fp/hard/libc.a(libc_a-strlen.o)

.data           0x20000000      0x88c load address 0x00015ebc
                0x00015ebc                        __etext = LOADADDR (.data)
                0x00015ebc                        __data_load__ = LOADADDR (.data)
                0x20000000                        __data_start__ = .
                0x20000000                        . = ALIGN (0x4)
 *(.data*)
 .data          0x20000000        0x0 startup.o
 .data          0x20000000        0x0 system.o
 .data          0x20000000        0x0 main.o
 .data          0x20000000        0x0 motor_uart.o
 .data          0x20000000        0x0 bsp/libbsp.a(ledbtn.o)
 .data          0x20000000        0x0 bsp/libbsp.a(uart.o)
 .data          0x20000000        0x0 bsp/libbsp.a(printf.o)
 .data          0x20000000        0x0 bsp/libbsp.a(audio.o)
 .data          0x20000000        0x0 bsp/libbsp.a(gpio.o)
 .data          0x20000000        0x0 bsp/libbsp.a(pwm.o)
 .data          0x20000000        0x0 bsp/libbsp.a(adc.o)
 .data          0x20000000       0x10 bsp2/libbsp2.a(encoder.o)
                0x20000000                left_motor_direction
                0x20000004                right_motor_direction
                0x20000008                left_kp
                0x2000000c                right_kp
 .data          0x20000010        0x0 bsp2/libbsp2.a(motor.o)
 .data          0x20000010        0x0 bsp2/libbsp2.a(radio.o)
 .data          0x20000010        0x0 rtx/librtx.a(rtx_delay.o)
 .data          0x20000010        0x0 rtx/librtx.a(rtx_evr.o)
 .data          0x20000010        0x0 rtx/librtx.a(rtx_kernel.o)
 .data.os       0x20000010       0xa4 rtx/librtx.a(rtx_kernel.o)
                0x20000010                osRtxInfo
 .data          0x200000b4        0x0 rtx/librtx.a(rtx_lib.o)
 .data          0x200000b4        0x0 rtx/librtx.a(rtx_memory.o)
 .data          0x200000b4        0x0 rtx/librtx.a(rtx_mempool.o)
 .data          0x200000b4        0x0 rtx/librtx.a(rtx_system.o)
 .data          0x200000b4        0x0 rtx/librtx.a(rtx_thread.o)
 .data          0x200000b4        0x0 rtx/librtx.a(rtx_timer.o)
 .data          0x200000b4        0x0 rtx/librtx.a(irq_armv7m.o)
 .data          0x200000b4        0x0 rtx/librtx.a(RTX_Config.o)
 .data          0x200000b4        0x0 rtx/librtx.a(os_systick.o)
 .data          0x200000b4        0x0 rtx/librtx.a(rtx_msgqueue.o)
 .data          0x200000b4        0x0 rtx/librtx.a(rtx_mutex.o)
 .data          0x200000b4        0x0 /opt/arm-gcc/arm-none-eabi/lib/thumb/v7e-m+fp/hard/libm.a(libm_a-w_fmod.o)
 .data          0x200000b4        0x0 /opt/arm-gcc/arm-none-eabi/lib/thumb/v7e-m+fp/hard/libm.a(libm_a-s_cos.o)
 .data          0x200000b4        0x0 /opt/arm-gcc/arm-none-eabi/lib/thumb/v7e-m+fp/hard/libm.a(libm_a-s_sin.o)
 .data          0x200000b4        0x0 /opt/arm-gcc/arm-none-eabi/lib/thumb/v7e-m+fp/hard/libm.a(libm_a-k_cos.o)
 .data          0x200000b4        0x0 /opt/arm-gcc/arm-none-eabi/lib/thumb/v7e-m+fp/hard/libm.a(libm_a-k_sin.o)
 .data          0x200000b4        0x0 /opt/arm-gcc/arm-none-eabi/lib/thumb/v7e-m+fp/hard/libm.a(libm_a-e_fmod.o)
 .data          0x200000b4        0x0 /opt/arm-gcc/arm-none-eabi/lib/thumb/v7e-m+fp/hard/libm.a(libm_a-e_rem_pio2.o)
 .data          0x200000b4        0x0 /opt/arm-gcc/arm-none-eabi/lib/thumb/v7e-m+fp/hard/libm.a(libm_a-s_fabs.o)
 .data          0x200000b4        0x0 /opt/arm-gcc/arm-none-eabi/lib/thumb/v7e-m+fp/hard/libm.a(libm_a-k_rem_pio2.o)
 .data          0x200000b4        0x0 /opt/arm-gcc/arm-none-eabi/lib/thumb/v7e-m+fp/hard/libm.a(libm_a-s_scalbn.o)
 .data          0x200000b4        0x0 /opt/arm-gcc/arm-none-eabi/lib/thumb/v7e-m+fp/hard/libm.a(libm_a-s_floor.o)
 .data          0x200000b4        0x0 /opt/arm-gcc/arm-none-eabi/lib/thumb/v7e-m+fp/hard/libc.a(libc_a-snprintf.o)
 .data          0x200000b4        0x0 /opt/arm-gcc/arm-none-eabi/lib/thumb/v7e-m+fp/hard/libc.a(libc_a-memset.o)
 .data          0x200000b4        0x0 /opt/arm-gcc/arm-none-eabi/lib/thumb/v7e-m+fp/hard/libc.a(libc_a-strtok.o)
 .data          0x200000b4        0x0 /opt/arm-gcc/arm-none-eabi/lib/thumb/v7e-m+fp/hard/libc.a(libc_a-strtok_r.o)
 .data          0x200000b4        0x0 /opt/arm-gcc/arm-none-eabi/lib/thumb/v7e-m+fp/hard/libc.a(libc_a-impure.o)
 .data._impure_ptr
                0x200000b4        0x4 /opt/arm-gcc/arm-none-eabi/lib/thumb/v7e-m+fp/hard/libc.a(libc_a-impure.o)
                0x200000b4                _impure_ptr
 .data._impure_data
                0x200000b8      0x140 /opt/arm-gcc/arm-none-eabi/lib/thumb/v7e-m+fp/hard/libc.a(libc_a-impure.o)
                0x200000b8                _impure_data
 .data          0x200001f8        0x0 /opt/arm-gcc/arm-none-eabi/lib/thumb/v7e-m+fp/hard/libc.a(libc_a-errno.o)
 .data          0x200001f8        0x0 /opt/arm-gcc/arm-none-eabi/lib/thumb/v7e-m+fp/hard/libc.a(libc_a-strcmp.o)
 .data          0x200001f8        0x0 /opt/arm-gcc/arm-none-eabi/lib/thumb/v7e-m+fp/hard/libc.a(libc_a-strcpy.o)
 .data          0x200001f8        0x0 /opt/arm-gcc/arm-none-eabi/lib/thumb/v7e-m+fp/hard/libc.a(libc_a-memcpy.o)
 .data          0x200001f8        0x0 /opt/arm-gcc/arm-none-eabi/lib/thumb/v7e-m+fp/hard/libc.a(libc_a-svfprintf.o)
 .data          0x200001f8        0x0 /opt/arm-gcc/arm-none-eabi/lib/thumb/v7e-m+fp/hard/libc.a(libc_a-ssprint_r.o)
 .data          0x200001f8        0x0 /opt/arm-gcc/arm-none-eabi/lib/thumb/v7e-m+fp/hard/libc.a(libc_a-findfp.o)
 .data.__sglue  0x200001f8        0xc /opt/arm-gcc/arm-none-eabi/lib/thumb/v7e-m+fp/hard/libc.a(libc_a-findfp.o)
                0x200001f8                __sglue
 .data          0x20000204        0x0 /opt/arm-gcc/arm-none-eabi/lib/thumb/v7e-m+fp/hard/libc.a(libc_a-fwalk.o)
 .data          0x20000204        0x0 /opt/arm-gcc/arm-none-eabi/lib/thumb/v7e-m+fp/hard/libc.a(libc_a-stdio.o)
 .data          0x20000204        0x0 /opt/arm-gcc/arm-none-eabi/lib/thumb/v7e-m+fp/hard/libc.a(libc_a-strncpy.o)
 .data          0x20000204        0x0 /opt/arm-gcc/arm-none-eabi/lib/thumb/v7e-m+fp/hard/libc.a(libc_a-locale.o)
 .data.global_locale_string
                0x20000204       0xe7 /opt/arm-gcc/arm-none-eabi/lib/thumb/v7e-m+fp/hard/libc.a(libc_a-locale.o)
 *fill*         0x200002eb        0x1 
 .data.__global_locale
                0x200002ec      0x16c /opt/arm-gcc/arm-none-eabi/lib/thumb/v7e-m+fp/hard/libc.a(libc_a-locale.o)
                0x200002ec                __global_locale
 .data.__default_locale
                0x20000458       0x20 /opt/arm-gcc/arm-none-eabi/lib/thumb/v7e-m+fp/hard/libc.a(libc_a-locale.o)
                0x20000458                __default_locale
 .data          0x20000478        0x0 /opt/arm-gcc/arm-none-eabi/lib/thumb/v7e-m+fp/hard/libc.a(libc_a-localeconv.o)
 .data          0x20000478        0x0 /opt/arm-gcc/arm-none-eabi/lib/thumb/v7e-m+fp/hard/libc.a(libc_a-closer.o)
 .data          0x20000478        0x0 /opt/arm-gcc/arm-none-eabi/lib/thumb/v7e-m+fp/hard/libc.a(libc_a-reent.o)
 .data          0x20000478        0x0 /opt/arm-gcc/arm-none-eabi/lib/thumb/v7e-m+fp/hard/libc.a(libc_a-lseekr.o)
 .data          0x20000478        0x0 /opt/arm-gcc/arm-none-eabi/lib/thumb/v7e-m+fp/hard/libc.a(libc_a-readr.o)
 .data          0x20000478        0x0 /opt/arm-gcc/arm-none-eabi/lib/thumb/v7e-m+fp/hard/libc.a(libc_a-writer.o)
 .data          0x20000478        0x0 /opt/arm-gcc/arm-none-eabi/lib/thumb/v7e-m+fp/hard/libc.a(libc_a-lock.o)
 .data          0x20000478        0x0 /opt/arm-gcc/arm-none-eabi/lib/thumb/v7e-m+fp/hard/libc.a(libc_a-memchr.o)
 .data          0x20000478        0x0 /opt/arm-gcc/arm-none-eabi/lib/thumb/v7e-m+fp/hard/libc.a(libc_a-strlen.o)
 .data          0x20000478        0x0 /opt/arm-gcc/arm-none-eabi/lib/thumb/v7e-m+fp/hard/libc.a(libm_a-s_frexp.o)
 .data          0x20000478        0x0 /opt/arm-gcc/arm-none-eabi/lib/thumb/v7e-m+fp/hard/libc.a(libc_a-dtoa.o)
 .data          0x20000478        0x0 /opt/arm-gcc/arm-none-eabi/lib/thumb/v7e-m+fp/hard/libc.a(libc_a-freer.o)
 .data          0x20000478        0x0 /opt/arm-gcc/arm-none-eabi/lib/thumb/v7e-m+fp/hard/libc.a(libc_a-getenv_r.o)
 .data          0x20000478        0x0 /opt/arm-gcc/arm-none-eabi/lib/thumb/v7e-m+fp/hard/libc.a(libc_a-mallocr.o)
 .data.__malloc_sbrk_base
                0x20000478        0x4 /opt/arm-gcc/arm-none-eabi/lib/thumb/v7e-m+fp/hard/libc.a(libc_a-mallocr.o)
                0x20000478                __malloc_sbrk_base
 .data.__malloc_trim_threshold
                0x2000047c        0x4 /opt/arm-gcc/arm-none-eabi/lib/thumb/v7e-m+fp/hard/libc.a(libc_a-mallocr.o)
                0x2000047c                __malloc_trim_threshold
 .data.__malloc_av_
                0x20000480      0x408 /opt/arm-gcc/arm-none-eabi/lib/thumb/v7e-m+fp/hard/libc.a(libc_a-mallocr.o)
                0x20000480                __malloc_av_
 .data          0x20000888        0x0 /opt/arm-gcc/arm-none-eabi/lib/thumb/v7e-m+fp/hard/libc.a(libc_a-mbtowc_r.o)
 .data          0x20000888        0x0 /opt/arm-gcc/arm-none-eabi/lib/thumb/v7e-m+fp/hard/libc.a(libc_a-mlock.o)
 .data          0x20000888        0x0 /opt/arm-gcc/arm-none-eabi/lib/thumb/v7e-m+fp/hard/libc.a(libc_a-mprec.o)
 .data          0x20000888        0x0 /opt/arm-gcc/arm-none-eabi/lib/thumb/v7e-m+fp/hard/libc.a(libc_a-strtol.o)
 .data          0x20000888        0x0 /opt/arm-gcc/arm-none-eabi/lib/thumb/v7e-m+fp/hard/libc.a(libc_a-wctomb_r.o)
 .data          0x20000888        0x0 /opt/arm-gcc/arm-none-eabi/lib/thumb/v7e-m+fp/hard/libc.a(libc_a-wcrtomb.o)
 .data          0x20000888        0x0 /opt/arm-gcc/arm-none-eabi/lib/thumb/v7e-m+fp/hard/libc.a(libc_a-wcsrtombs.o)
 .data          0x20000888        0x0 /opt/arm-gcc/arm-none-eabi/lib/thumb/v7e-m+fp/hard/libc.a(libc_a-ctype_.o)
 .data          0x20000888        0x0 /opt/arm-gcc/arm-none-eabi/lib/thumb/v7e-m+fp/hard/libc.a(libc_a-ssputs_r.o)
 .data          0x20000888        0x0 /opt/arm-gcc/arm-none-eabi/lib/thumb/v7e-m+fp/hard/libc.a(libc_a-fclose.o)
 .data          0x20000888        0x0 /opt/arm-gcc/arm-none-eabi/lib/thumb/v7e-m+fp/hard/libc.a(libc_a-fflush.o)
 .data          0x20000888        0x0 /opt/arm-gcc/arm-none-eabi/lib/thumb/v7e-m+fp/hard/libc.a(libc_a-memmove.o)
 .data          0x20000888        0x0 /opt/arm-gcc/arm-none-eabi/lib/thumb/v7e-m+fp/hard/libc.a(libc_a-strcasecmp.o)
 .data          0x20000888        0x0 /opt/arm-gcc/arm-none-eabi/lib/thumb/v7e-m+fp/hard/libc.a(libc_a-strcat.o)
 .data          0x20000888        0x0 /opt/arm-gcc/arm-none-eabi/lib/thumb/v7e-m+fp/hard/libc.a(libc_a-strchr.o)
 .data          0x20000888        0x0 /opt/arm-gcc/arm-none-eabi/lib/thumb/v7e-m+fp/hard/libc.a(libc_a-strlcpy.o)
 .data          0x20000888        0x0 /opt/arm-gcc/arm-none-eabi/lib/thumb/v7e-m+fp/hard/libc.a(libc_a-strncasecmp.o)
 .data          0x20000888        0x0 /opt/arm-gcc/arm-none-eabi/lib/thumb/v7e-m+fp/hard/libc.a(libc_a-strncmp.o)
 .data          0x20000888        0x0 /opt/arm-gcc/arm-none-eabi/lib/thumb/v7e-m+fp/hard/libc.a(libc_a-sbrkr.o)
 .data          0x20000888        0x0 /opt/arm-gcc/arm-none-eabi/lib/thumb/v7e-m+fp/hard/libc.a(libc_a-sysconf.o)
 .data          0x20000888        0x0 /opt/arm-gcc/arm-none-eabi/lib/thumb/v7e-m+fp/hard/libc.a(libc_a-assert.o)
 .data          0x20000888        0x0 /opt/arm-gcc/arm-none-eabi/lib/thumb/v7e-m+fp/hard/libc.a(libc_a-callocr.o)
 .data          0x20000888        0x0 /opt/arm-gcc/arm-none-eabi/lib/thumb/v7e-m+fp/hard/libc.a(libc_a-environ.o)
 .data.environ  0x20000888        0x4 /opt/arm-gcc/arm-none-eabi/lib/thumb/v7e-m+fp/hard/libc.a(libc_a-environ.o)
                0x20000888                environ
 .data          0x2000088c        0x0 /opt/arm-gcc/arm-none-eabi/lib/thumb/v7e-m+fp/hard/libc.a(libc_a-envlock.o)
 .data          0x2000088c        0x0 /opt/arm-gcc/arm-none-eabi/lib/thumb/v7e-m+fp/hard/libc.a(libc_a-reallocr.o)
 .data          0x2000088c        0x0 /opt/arm-gcc/arm-none-eabi/lib/thumb/v7e-m+fp/hard/libc.a(libc_a-wcsnrtombs.o)
 .data          0x2000088c        0x0 /opt/arm-gcc/arm-none-eabi/lib/thumb/v7e-m+fp/hard/libc.a(libc_a-fiprintf.o)
 .data          0x2000088c        0x0 /opt/arm-gcc/arm-none-eabi/lib/thumb/v7e-m+fp/hard/libc.a(libc_a-vfiprintf.o)
 .data          0x2000088c        0x0 /opt/arm-gcc/arm-none-eabi/lib/thumb/v7e-m+fp/hard/libc.a(libc_a-sprint_r.o)
 .data          0x2000088c        0x0 /opt/arm-gcc/arm-none-eabi/lib/thumb/v7e-m+fp/hard/libc.a(libc_a-fvwrite.o)
 .data          0x2000088c        0x0 /opt/arm-gcc/arm-none-eabi/lib/thumb/v7e-m+fp/hard/libc.a(libc_a-wsetup.o)
 .data          0x2000088c        0x0 /opt/arm-gcc/arm-none-eabi/lib/thumb/v7e-m+fp/hard/libc.a(libc_a-abort.o)
 .data          0x2000088c        0x0 /opt/arm-gcc/arm-none-eabi/lib/thumb/v7e-m+fp/hard/libc.a(libc_a-makebuf.o)
 .data          0x2000088c        0x0 /opt/arm-gcc/arm-none-eabi/lib/thumb/v7e-m+fp/hard/libc.a(libc_a-signal.o)
 .data          0x2000088c        0x0 /opt/arm-gcc/arm-none-eabi/lib/thumb/v7e-m+fp/hard/libc.a(libc_a-fstatr.o)
 .data          0x2000088c        0x0 /opt/arm-gcc/arm-none-eabi/lib/thumb/v7e-m+fp/hard/libc.a(libc_a-isattyr.o)
 .data          0x2000088c        0x0 /opt/arm-gcc/arm-none-eabi/lib/thumb/v7e-m+fp/hard/libc.a(libc_a-signalr.o)
 .data          0x2000088c        0x0 /opt/arm-gcc/lib/gcc/arm-none-eabi/14.2.1/thumb/v7e-m+fp/hard/libgcc.a(_arm_muldf3.o)
 .data          0x2000088c        0x0 /opt/arm-gcc/lib/gcc/arm-none-eabi/14.2.1/thumb/v7e-m+fp/hard/libgcc.a(_arm_addsubdf3.o)
 .data          0x2000088c        0x0 /opt/arm-gcc/lib/gcc/arm-none-eabi/14.2.1/thumb/v7e-m+fp/hard/libgcc.a(_arm_muldivdf3.o)
 .data          0x2000088c        0x0 /opt/arm-gcc/lib/gcc/arm-none-eabi/14.2.1/thumb/v7e-m+fp/hard/libgcc.a(_arm_cmpdf2.o)
 .data          0x2000088c        0x0 /opt/arm-gcc/lib/gcc/arm-none-eabi/14.2.1/thumb/v7e-m+fp/hard/libgcc.a(_arm_unorddf2.o)
 .data          0x2000088c        0x0 /opt/arm-gcc/lib/gcc/arm-none-eabi/14.2.1/thumb/v7e-m+fp/hard/libgcc.a(_arm_fixdfsi.o)
 .data          0x2000088c        0x0 /opt/arm-gcc/lib/gcc/arm-none-eabi/14.2.1/thumb/v7e-m+fp/hard/libgcc.a(_arm_fixunsdfsi.o)
 .data          0x2000088c        0x0 /opt/arm-gcc/lib/gcc/arm-none-eabi/14.2.1/thumb/v7e-m+fp/hard/libgcc.a(_arm_truncdfsf2.o)
                0x2000088c                        . = ALIGN (0x4)
                0x2000088c                        __data_end__ = .

.igot.plt       0x2000088c        0x0 load address 0x00016748
 .igot.plt      0x2000088c        0x0 startup.o

.bss            0x20000890     0xa9e4 load address 0x00016750
                0x20000890                        __bss_start__ = .
                0x20000890                        . = ALIGN (0x4)
 *(.bss*)
 .bss           0x20000890        0x0 startup.o
 .bss           0x20000890        0x4 system.o
                0x20000890                SystemCoreClock
 .bss           0x20000894     0x1f41 main.o
                0x20000894                command_array
                0x200027d4                thisDeviceMode
 .bss           0x200027d5        0x0 motor_uart.o
 *fill*         0x200027d5        0x3 
 .bss           0x200027d8       0x20 bsp/libbsp.a(ledbtn.o)
                0x200027d8                frame_buffer
 .bss           0x200027f8        0x8 bsp/libbsp.a(uart.o)
 .bss           0x20002800        0x0 bsp/libbsp.a(printf.o)
 .bss           0x20002800        0x8 bsp/libbsp.a(audio.o)
 .bss           0x20002808       0x44 bsp/libbsp.a(gpio.o)
                0x20002808                event_callbacks
                0x20002828                gpio_irq_counter
                0x2000282c                gpio_irq_event_counters
 .bss           0x2000284c        0x6 bsp/libbsp.a(pwm.o)
 *fill*         0x20002852        0x2 
 .bss           0x20002854        0x8 bsp/libbsp.a(adc.o)
                0x20002854                adc_end
                0x20002858                adc_count
 .bss           0x2000285c       0x46 bsp2/libbsp2.a(encoder.o)
                0x2000285c                left_encoder_count
                0x20002860                right_encoder_count
                0x20002864                left_encoder_prev
                0x20002868                right_encoder_prev
                0x2000286c                x_pos
                0x20002870                y_pos
                0x20002874                theta
                0x20002878                left_speed_setpoint
                0x2000287c                right_speed_setpoint
                0x20002880                left_ki
                0x20002884                left_kd
                0x20002888                right_ki
                0x2000288c                right_kd
                0x20002890                left_integral
                0x20002894                right_integral
                0x20002898                left_prev_error
                0x2000289c                right_prev_error
 *fill*         0x200028a2        0x2 
 .bss           0x200028a4       0x10 bsp2/libbsp2.a(motor.o)
 .bss           0x200028b4      0x110 bsp2/libbsp2.a(radio.o)
 .bss           0x200029c4        0x0 rtx/librtx.a(rtx_delay.o)
 .bss           0x200029c4        0x0 rtx/librtx.a(rtx_evr.o)
 .bss           0x200029c4        0x0 rtx/librtx.a(rtx_kernel.o)
 .bss           0x200029c4        0x0 rtx/librtx.a(rtx_lib.o)
 *fill*         0x200029c4        0x4 
 .bss.os        0x200029c8     0x8040 rtx/librtx.a(rtx_lib.o)
 .bss.os.thread.cb
                0x2000aa08       0x88 rtx/librtx.a(rtx_lib.o)
 .bss.os.thread.idle.stack
                0x2000aa90      0x200 rtx/librtx.a(rtx_lib.o)
 .bss.os.thread.timer.stack
                0x2000ac90      0x200 rtx/librtx.a(rtx_lib.o)
 .bss.os.msgqueue.cb
                0x2000ae90       0x34 rtx/librtx.a(rtx_lib.o)
 .bss.os.msgqueue.mem
                0x2000aec4       0x50 rtx/librtx.a(rtx_lib.o)
 .bss           0x2000af14        0x0 rtx/librtx.a(rtx_memory.o)
 .bss           0x2000af14        0x0 rtx/librtx.a(rtx_mempool.o)
 .bss           0x2000af14        0x0 rtx/librtx.a(rtx_system.o)
 .bss           0x2000af14        0x0 rtx/librtx.a(rtx_thread.o)
 .bss           0x2000af14        0x0 rtx/librtx.a(rtx_timer.o)
 .bss           0x2000af14        0x0 rtx/librtx.a(irq_armv7m.o)
 .bss           0x2000af14        0x0 rtx/librtx.a(RTX_Config.o)
 .bss           0x2000af14        0x0 rtx/librtx.a(os_systick.o)
 .bss.os        0x2000af14        0x1 rtx/librtx.a(os_systick.o)
 .bss           0x2000af15        0x0 rtx/librtx.a(rtx_msgqueue.o)
 .bss           0x2000af15        0x0 rtx/librtx.a(rtx_mutex.o)
 .bss           0x2000af15        0x0 /opt/arm-gcc/arm-none-eabi/lib/thumb/v7e-m+fp/hard/libm.a(libm_a-w_fmod.o)
 .bss           0x2000af15        0x0 /opt/arm-gcc/arm-none-eabi/lib/thumb/v7e-m+fp/hard/libm.a(libm_a-s_cos.o)
 .bss           0x2000af15        0x0 /opt/arm-gcc/arm-none-eabi/lib/thumb/v7e-m+fp/hard/libm.a(libm_a-s_sin.o)
 .bss           0x2000af15        0x0 /opt/arm-gcc/arm-none-eabi/lib/thumb/v7e-m+fp/hard/libm.a(libm_a-k_cos.o)
 .bss           0x2000af15        0x0 /opt/arm-gcc/arm-none-eabi/lib/thumb/v7e-m+fp/hard/libm.a(libm_a-k_sin.o)
 .bss           0x2000af15        0x0 /opt/arm-gcc/arm-none-eabi/lib/thumb/v7e-m+fp/hard/libm.a(libm_a-e_fmod.o)
 .bss           0x2000af15        0x0 /opt/arm-gcc/arm-none-eabi/lib/thumb/v7e-m+fp/hard/libm.a(libm_a-e_rem_pio2.o)
 .bss           0x2000af15        0x0 /opt/arm-gcc/arm-none-eabi/lib/thumb/v7e-m+fp/hard/libm.a(libm_a-s_fabs.o)
 .bss           0x2000af15        0x0 /opt/arm-gcc/arm-none-eabi/lib/thumb/v7e-m+fp/hard/libm.a(libm_a-k_rem_pio2.o)
 .bss           0x2000af15        0x0 /opt/arm-gcc/arm-none-eabi/lib/thumb/v7e-m+fp/hard/libm.a(libm_a-s_scalbn.o)
 .bss           0x2000af15        0x0 /opt/arm-gcc/arm-none-eabi/lib/thumb/v7e-m+fp/hard/libm.a(libm_a-s_floor.o)
 .bss           0x2000af15        0x0 /opt/arm-gcc/arm-none-eabi/lib/thumb/v7e-m+fp/hard/libc.a(libc_a-snprintf.o)
 .bss           0x2000af15        0x0 /opt/arm-gcc/arm-none-eabi/lib/thumb/v7e-m+fp/hard/libc.a(libc_a-memset.o)
 .bss           0x2000af15        0x0 /opt/arm-gcc/arm-none-eabi/lib/thumb/v7e-m+fp/hard/libc.a(libc_a-strtok.o)
 .bss           0x2000af15        0x0 /opt/arm-gcc/arm-none-eabi/lib/thumb/v7e-m+fp/hard/libc.a(libc_a-strtok_r.o)
 .bss           0x2000af15        0x0 /opt/arm-gcc/arm-none-eabi/lib/thumb/v7e-m+fp/hard/libc.a(libc_a-impure.o)
 .bss           0x2000af15        0x0 /opt/arm-gcc/arm-none-eabi/lib/thumb/v7e-m+fp/hard/libc.a(libc_a-errno.o)
 .bss           0x2000af15        0x0 /opt/arm-gcc/arm-none-eabi/lib/thumb/v7e-m+fp/hard/libc.a(libc_a-strcmp.o)
 .bss           0x2000af15        0x0 /opt/arm-gcc/arm-none-eabi/lib/thumb/v7e-m+fp/hard/libc.a(libc_a-strcpy.o)
 .bss           0x2000af15        0x0 /opt/arm-gcc/arm-none-eabi/lib/thumb/v7e-m+fp/hard/libc.a(libc_a-memcpy.o)
 .bss           0x2000af15        0x0 /opt/arm-gcc/arm-none-eabi/lib/thumb/v7e-m+fp/hard/libc.a(libc_a-svfprintf.o)
 .bss           0x2000af15        0x0 /opt/arm-gcc/arm-none-eabi/lib/thumb/v7e-m+fp/hard/libc.a(libc_a-ssprint_r.o)
 .bss           0x2000af15        0x0 /opt/arm-gcc/arm-none-eabi/lib/thumb/v7e-m+fp/hard/libc.a(libc_a-findfp.o)
 *fill*         0x2000af15        0x3 
 .bss.__sf      0x2000af18      0x138 /opt/arm-gcc/arm-none-eabi/lib/thumb/v7e-m+fp/hard/libc.a(libc_a-findfp.o)
                0x2000af18                __sf
 .bss.__stdio_exit_handler
                0x2000b050        0x4 /opt/arm-gcc/arm-none-eabi/lib/thumb/v7e-m+fp/hard/libc.a(libc_a-findfp.o)
                0x2000b050                __stdio_exit_handler
 .bss           0x2000b054        0x0 /opt/arm-gcc/arm-none-eabi/lib/thumb/v7e-m+fp/hard/libc.a(libc_a-fwalk.o)
 .bss           0x2000b054        0x0 /opt/arm-gcc/arm-none-eabi/lib/thumb/v7e-m+fp/hard/libc.a(libc_a-stdio.o)
 .bss           0x2000b054        0x0 /opt/arm-gcc/arm-none-eabi/lib/thumb/v7e-m+fp/hard/libc.a(libc_a-strncpy.o)
 .bss           0x2000b054        0x0 /opt/arm-gcc/arm-none-eabi/lib/thumb/v7e-m+fp/hard/libc.a(libc_a-locale.o)